Archive member included to satisfy reference by file (symbol)

c:/st/stm32cubeide_1.1.0/stm32cubeide/plugins/com.st.stm32cube.ide.mcu.externaltools.gnu-tools-for-stm32.7-2018-q2-update.win32_1.0.0.201904181610/tools/bin/../lib/gcc/arm-none-eabi/7.3.1/../../../../arm-none-eabi/lib/thumb/v7e-m/fpv4-sp/hard\libc_nano.a(lib_a-errno.o)
                              Core/Src/syscalls.o (__errno)
c:/st/stm32cubeide_1.1.0/stm32cubeide/plugins/com.st.stm32cube.ide.mcu.externaltools.gnu-tools-for-stm32.7-2018-q2-update.win32_1.0.0.201904181610/tools/bin/../lib/gcc/arm-none-eabi/7.3.1/../../../../arm-none-eabi/lib/thumb/v7e-m/fpv4-sp/hard\libc_nano.a(lib_a-exit.o)
                              c:/st/stm32cubeide_1.1.0/stm32cubeide/plugins/com.st.stm32cube.ide.mcu.externaltools.gnu-tools-for-stm32.7-2018-q2-update.win32_1.0.0.201904181610/tools/bin/../lib/gcc/arm-none-eabi/7.3.1/../../../../arm-none-eabi/lib/thumb/v7e-m/fpv4-sp/hard/crt0.o (exit)
c:/st/stm32cubeide_1.1.0/stm32cubeide/plugins/com.st.stm32cube.ide.mcu.externaltools.gnu-tools-for-stm32.7-2018-q2-update.win32_1.0.0.201904181610/tools/bin/../lib/gcc/arm-none-eabi/7.3.1/../../../../arm-none-eabi/lib/thumb/v7e-m/fpv4-sp/hard\libc_nano.a(lib_a-impure.o)
                              c:/st/stm32cubeide_1.1.0/stm32cubeide/plugins/com.st.stm32cube.ide.mcu.externaltools.gnu-tools-for-stm32.7-2018-q2-update.win32_1.0.0.201904181610/tools/bin/../lib/gcc/arm-none-eabi/7.3.1/../../../../arm-none-eabi/lib/thumb/v7e-m/fpv4-sp/hard\libc_nano.a(lib_a-exit.o) (_global_impure_ptr)
c:/st/stm32cubeide_1.1.0/stm32cubeide/plugins/com.st.stm32cube.ide.mcu.externaltools.gnu-tools-for-stm32.7-2018-q2-update.win32_1.0.0.201904181610/tools/bin/../lib/gcc/arm-none-eabi/7.3.1/../../../../arm-none-eabi/lib/thumb/v7e-m/fpv4-sp/hard\libc_nano.a(lib_a-init.o)
                              c:/st/stm32cubeide_1.1.0/stm32cubeide/plugins/com.st.stm32cube.ide.mcu.externaltools.gnu-tools-for-stm32.7-2018-q2-update.win32_1.0.0.201904181610/tools/bin/../lib/gcc/arm-none-eabi/7.3.1/../../../../arm-none-eabi/lib/thumb/v7e-m/fpv4-sp/hard/crt0.o (__libc_init_array)
c:/st/stm32cubeide_1.1.0/stm32cubeide/plugins/com.st.stm32cube.ide.mcu.externaltools.gnu-tools-for-stm32.7-2018-q2-update.win32_1.0.0.201904181610/tools/bin/../lib/gcc/arm-none-eabi/7.3.1/../../../../arm-none-eabi/lib/thumb/v7e-m/fpv4-sp/hard\libc_nano.a(lib_a-memcpy-stub.o)
                              Core/Src/TJ_MPU6050.o (memcpy)
c:/st/stm32cubeide_1.1.0/stm32cubeide/plugins/com.st.stm32cube.ide.mcu.externaltools.gnu-tools-for-stm32.7-2018-q2-update.win32_1.0.0.201904181610/tools/bin/../lib/gcc/arm-none-eabi/7.3.1/../../../../arm-none-eabi/lib/thumb/v7e-m/fpv4-sp/hard\libc_nano.a(lib_a-memset.o)
                              c:/st/stm32cubeide_1.1.0/stm32cubeide/plugins/com.st.stm32cube.ide.mcu.externaltools.gnu-tools-for-stm32.7-2018-q2-update.win32_1.0.0.201904181610/tools/bin/../lib/gcc/arm-none-eabi/7.3.1/../../../../arm-none-eabi/lib/thumb/v7e-m/fpv4-sp/hard/crt0.o (memset)
c:/st/stm32cubeide_1.1.0/stm32cubeide/plugins/com.st.stm32cube.ide.mcu.externaltools.gnu-tools-for-stm32.7-2018-q2-update.win32_1.0.0.201904181610/tools/bin/../lib/gcc/arm-none-eabi/7.3.1/../../../../arm-none-eabi/lib/thumb/v7e-m/fpv4-sp/hard\libc_nano.a(lib_a-sprintf.o)
                              Core/Src/main.o (sprintf)
c:/st/stm32cubeide_1.1.0/stm32cubeide/plugins/com.st.stm32cube.ide.mcu.externaltools.gnu-tools-for-stm32.7-2018-q2-update.win32_1.0.0.201904181610/tools/bin/../lib/gcc/arm-none-eabi/7.3.1/../../../../arm-none-eabi/lib/thumb/v7e-m/fpv4-sp/hard\libc_nano.a(lib_a-strlen.o)
                              Core/Src/main.o (strlen)
c:/st/stm32cubeide_1.1.0/stm32cubeide/plugins/com.st.stm32cube.ide.mcu.externaltools.gnu-tools-for-stm32.7-2018-q2-update.win32_1.0.0.201904181610/tools/bin/../lib/gcc/arm-none-eabi/7.3.1/../../../../arm-none-eabi/lib/thumb/v7e-m/fpv4-sp/hard\libc_nano.a(lib_a-nano-svfprintf.o)
                              c:/st/stm32cubeide_1.1.0/stm32cubeide/plugins/com.st.stm32cube.ide.mcu.externaltools.gnu-tools-for-stm32.7-2018-q2-update.win32_1.0.0.201904181610/tools/bin/../lib/gcc/arm-none-eabi/7.3.1/../../../../arm-none-eabi/lib/thumb/v7e-m/fpv4-sp/hard\libc_nano.a(lib_a-sprintf.o) (_svfprintf_r)
c:/st/stm32cubeide_1.1.0/stm32cubeide/plugins/com.st.stm32cube.ide.mcu.externaltools.gnu-tools-for-stm32.7-2018-q2-update.win32_1.0.0.201904181610/tools/bin/../lib/gcc/arm-none-eabi/7.3.1/../../../../arm-none-eabi/lib/thumb/v7e-m/fpv4-sp/hard\libc_nano.a(lib_a-nano-vfprintf_i.o)
                              c:/st/stm32cubeide_1.1.0/stm32cubeide/plugins/com.st.stm32cube.ide.mcu.externaltools.gnu-tools-for-stm32.7-2018-q2-update.win32_1.0.0.201904181610/tools/bin/../lib/gcc/arm-none-eabi/7.3.1/../../../../arm-none-eabi/lib/thumb/v7e-m/fpv4-sp/hard\libc_nano.a(lib_a-nano-svfprintf.o) (_printf_i)
[...]
Memory Configuration

Name             Origin             Length             Attributes
RAM              0x0000000020000000 0x0000000000020000 xrw
FLASH            0x0000000008000000 0x0000000000080000 xr
*default*        0x0000000000000000 0xffffffffffffffff

Linker script and memory map

LOAD c:/st/stm32cubeide_1.1.0/stm32cubeide/plugins/com.st.stm32cube.ide.mcu.externaltools.gnu-tools-for-stm32.7-2018-q2-update.win32_1.0.0.201904181610/tools/bin/../lib/gcc/arm-none-eabi/7.3.1/thumb/v7e-m/fpv4-sp/hard/crti.o
LOAD c:/st/stm32cubeide_1.1.0/stm32cubeide/plugins/com.st.stm32cube.ide.mcu.externaltools.gnu-tools-for-stm32.7-2018-q2-update.win32_1.0.0.201904181610/tools/bin/../lib/gcc/arm-none-eabi/7.3.1/thumb/v7e-m/fpv4-sp/hard/crtbegin.o
LOAD c:/st/stm32cubeide_1.1.0/stm32cubeide/plugins/com.st.stm32cube.ide.mcu.externaltools.gnu-tools-for-stm32.7-2018-q2-update.win32_1.0.0.201904181610/tools/bin/../lib/gcc/arm-none-eabi/7.3.1/../../../../arm-none-eabi/lib/thumb/v7e-m/fpv4-sp/hard/crt0.o
LOAD Core/Src/STM32_HCSR04.o
LOAD Core/Src/TJ_MPU6050.o
LOAD Core/Src/freertos.o
LOAD Core/Src/main.o
LOAD Core/Src/stm32f4xx_hal_msp.o
LOAD Core/Src/stm32f4xx_it.o
LOAD Core/Src/syscalls.o
LOAD Core/Src/sysmem.o
LOAD Core/Src/system_stm32f4xx.o
LOAD Core/Startup/startup_stm32f446retx.o
LOAD Drivers/STM32F4xx_HAL_Driver/Src/stm32f4xx_hal.o
LOAD Drivers/STM32F4xx_HAL_Driver/Src/stm32f4xx_hal_cortex.o
LOAD Drivers/STM32F4xx_HAL_Driver/Src/stm32f4xx_hal_dma.o
LOAD Drivers/STM32F4xx_HAL_Driver/Src/stm32f4xx_hal_dma_ex.o
LOAD Drivers/STM32F4xx_HAL_Driver/Src/stm32f4xx_hal_exti.o
LOAD Drivers/STM32F4xx_HAL_Driver/Src/stm32f4xx_hal_flash.o
LOAD Drivers/STM32F4xx_HAL_Driver/Src/stm32f4xx_hal_flash_ex.o
LOAD Drivers/STM32F4xx_HAL_Driver/Src/stm32f4xx_hal_flash_ramfunc.o
LOAD Drivers/STM32F4xx_HAL_Driver/Src/stm32f4xx_hal_gpio.o
LOAD Drivers/STM32F4xx_HAL_Driver/Src/stm32f4xx_hal_i2c.o
LOAD Drivers/STM32F4xx_HAL_Driver/Src/stm32f4xx_hal_i2c_ex.o
LOAD Drivers/STM32F4xx_HAL_Driver/Src/stm32f4xx_hal_pwr.o
LOAD Drivers/STM32F4xx_HAL_Driver/Src/stm32f4xx_hal_pwr_ex.o
LOAD Drivers/STM32F4xx_HAL_Driver/Src/stm32f4xx_hal_rcc.o
LOAD Drivers/STM32F4xx_HAL_Driver/Src/stm32f4xx_hal_rcc_ex.o
LOAD Drivers/STM32F4xx_HAL_Driver/Src/stm32f4xx_hal_tim.o
LOAD Drivers/STM32F4xx_HAL_Driver/Src/stm32f4xx_hal_tim_ex.o
LOAD Drivers/STM32F4xx_HAL_Driver/Src/stm32f4xx_hal_uart.o
LOAD Middlewares/Third_Party/FreeRTOS/Source/CMSIS_RTOS/cmsis_os.o
LOAD Middlewares/Third_Party/FreeRTOS/Source/croutine.o
LOAD Middlewares/Third_Party/FreeRTOS/Source/event_groups.o
LOAD Middlewares/Third_Party/FreeRTOS/Source/list.o
LOAD Middlewares/Third_Party/FreeRTOS/Source/queue.o
LOAD Middlewares/Third_Party/FreeRTOS/Source/stream_buffer.o
LOAD Middlewares/Third_Party/FreeRTOS/Source/tasks.o
LOAD Middlewares/Third_Party/FreeRTOS/Source/timers.o
LOAD Middlewares/Third_Party/FreeRTOS/Source/portable/GCC/ARM_CM4F/port.o
LOAD Middlewares/Third_Party/FreeRTOS/Source/portable/MemMang/heap_4.o
START GROUP
LOAD c:/st/stm32cubeide_1.1.0/stm32cubeide/plugins/com.st.stm32cube.ide.mcu.externaltools.gnu-tools-for-stm32.7-2018-q2-update.win32_1.0.0.201904181610/tools/bin/../lib/gcc/arm-none-eabi/7.3.1/../../../../arm-none-eabi/lib/thumb/v7e-m/fpv4-sp/hard\libc_nano.a
LOAD c:/st/stm32cubeide_1.1.0/stm32cubeide/plugins/com.st.stm32cube.ide.mcu.externaltools.gnu-tools-for-stm32.7-2018-q2-update.win32_1.0.0.201904181610/tools/bin/../lib/gcc/arm-none-eabi/7.3.1/../../../../arm-none-eabi/lib/thumb/v7e-m/fpv4-sp/hard\libm.a
END GROUP
START GROUP
LOAD c:/st/stm32cubeide_1.1.0/stm32cubeide/plugins/com.st.stm32cube.ide.mcu.externaltools.gnu-tools-for-stm32.7-2018-q2-update.win32_1.0.0.201904181610/tools/bin/../lib/gcc/arm-none-eabi/7.3.1/thumb/v7e-m/fpv4-sp/hard\libgcc.a
LOAD c:/st/stm32cubeide_1.1.0/stm32cubeide/plugins/com.st.stm32cube.ide.mcu.externaltools.gnu-tools-for-stm32.7-2018-q2-update.win32_1.0.0.201904181610/tools/bin/../lib/gcc/arm-none-eabi/7.3.1/../../../../arm-none-eabi/lib/thumb/v7e-m/fpv4-sp/hard\libc_nano.a
END GROUP
START GROUP
LOAD c:/st/stm32cubeide_1.1.0/stm32cubeide/plugins/com.st.stm32cube.ide.mcu.externaltools.gnu-tools-for-stm32.7-2018-q2-update.win32_1.0.0.201904181610/tools/bin/../lib/gcc/arm-none-eabi/7.3.1/thumb/v7e-m/fpv4-sp/hard\libgcc.a
LOAD c:/st/stm32cubeide_1.1.0/stm32cubeide/plugins/com.st.stm32cube.ide.mcu.externaltools.gnu-tools-for-stm32.7-2018-q2-update.win32_1.0.0.201904181610/tools/bin/../lib/gcc/arm-none-eabi/7.3.1/../../../../arm-none-eabi/lib/thumb/v7e-m/fpv4-sp/hard\libc_nano.a
LOAD c:/st/stm32cubeide_1.1.0/stm32cubeide/plugins/com.st.stm32cube.ide.mcu.externaltools.gnu-tools-for-stm32.7-2018-q2-update.win32_1.0.0.201904181610/tools/bin/../lib/gcc/arm-none-eabi/7.3.1/../../../../arm-none-eabi/lib/thumb/v7e-m/fpv4-sp/hard\libnosys.a
END GROUP
START GROUP
LOAD c:/st/stm32cubeide_1.1.0/stm32cubeide/plugins/com.st.stm32cube.ide.mcu.externaltools.gnu-tools-for-stm32.7-2018-q2-update.win32_1.0.0.201904181610/tools/bin/../lib/gcc/arm-none-eabi/7.3.1/thumb/v7e-m/fpv4-sp/hard\libgcc.a
LOAD c:/st/stm32cubeide_1.1.0/stm32cubeide/plugins/com.st.stm32cube.ide.mcu.externaltools.gnu-tools-for-stm32.7-2018-q2-update.win32_1.0.0.201904181610/tools/bin/../lib/gcc/arm-none-eabi/7.3.1/../../../../arm-none-eabi/lib/thumb/v7e-m/fpv4-sp/hard\libc_nano.a
LOAD c:/st/stm32cubeide_1.1.0/stm32cubeide/plugins/com.st.stm32cube.ide.mcu.externaltools.gnu-tools-for-stm32.7-2018-q2-update.win32_1.0.0.201904181610/tools/bin/../lib/gcc/arm-none-eabi/7.3.1/../../../../arm-none-eabi/lib/thumb/v7e-m/fpv4-sp/hard\libnosys.a
END GROUP
LOAD c:/st/stm32cubeide_1.1.0/stm32cubeide/plugins/com.st.stm32cube.ide.mcu.externaltools.gnu-tools-for-stm32.7-2018-q2-update.win32_1.0.0.201904181610/tools/bin/../lib/gcc/arm-none-eabi/7.3.1/thumb/v7e-m/fpv4-sp/hard/crtend.o
LOAD c:/st/stm32cubeide_1.1.0/stm32cubeide/plugins/com.st.stm32cube.ide.mcu.externaltools.gnu-tools-for-stm32.7-2018-q2-update.win32_1.0.0.201904181610/tools/bin/../lib/gcc/arm-none-eabi/7.3.1/thumb/v7e-m/fpv4-sp/hard/crtn.o
                0x0000000020020000                _estack = (ORIGIN (RAM) + LENGTH (RAM))
                0x0000000000000200                _Min_Heap_Size = 0x200
                0x0000000000000400                _Min_Stack_Size = 0x400

.isr_vector     0x0000000008000000      0x1c4
                0x0000000008000000                . = ALIGN (0x4)
 *(.isr_vector)
 .isr_vector    0x0000000008000000      0x1c4 Core/Startup/startup_stm32f446retx.o
                0x0000000008000000                g_pfnVectors
                0x00000000080001c4                . = ALIGN (0x4)

.text           0x00000000080001d0     0x71cc
                0x00000000080001d0                . = ALIGN (0x4)
 *(.text)
 .text          0x00000000080001d0       0x40 c:/st/stm32cubeide_1.1.0/stm32cubeide/plugins/com.st.stm32cube.ide.mcu.externaltools.gnu-tools-for-stm32.7-2018-q2-update.win32_1.0.0.201904181610/tools/bin/../lib/gcc/arm-none-eabi/7.3.1/thumb/v7e-m/fpv4-sp/hard/crtbegin.o
 .text          0x0000000008000210       0x10 c:/st/stm32cubeide_1.1.0/stm32cubeide/plugins/com.st.stm32cube.ide.mcu.externaltools.gnu-tools-for-stm32.7-2018-q2-update.win32_1.0.0.201904181610/tools/bin/../lib/gcc/arm-none-eabi/7.3.1/../../../../arm-none-eabi/lib/thumb/v7e-m/fpv4-sp/hard\libc_nano.a(lib_a-strlen.o)
                0x0000000008000210                strlen
 .text          0x0000000008000220       0xa0 c:/st/stm32cubeide_1.1.0/stm32cubeide/plugins/com.st.stm32cube.ide.mcu.externaltools.gnu-tools-for-stm32.7-2018-q2-update.win32_1.0.0.201904181610/tools/bin/../lib/gcc/arm-none-eabi/7.3.1/../../../../arm-none-eabi/lib/thumb/v7e-m/fpv4-sp/hard\libc_nano.a(lib_a-memchr.o)
                0x0000000008000220                memchr
 .text          0x00000000080002c0      0x378 c:/st/stm32cubeide_1.1.0/stm32cubeide/plugins/com.st.stm32cube.ide.mcu.externaltools.gnu-tools-for-stm32.7-2018-q2-update.win32_1.0.0.201904181610/tools/bin/../lib/gcc/arm-none-eabi/7.3.1/thumb/v7e-m/fpv4-sp/hard\libgcc.a(_arm_addsubdf3.o)
                0x00000000080002c0                __aeabi_drsub
                0x00000000080002c8                __aeabi_dsub
                0x00000000080002c8                __subdf3
                0x00000000080002cc                __aeabi_dadd
                0x00000000080002cc                __adddf3
                0x0000000008000544                __floatunsidf
                0x0000000008000544                __aeabi_ui2d
                0x0000000008000564                __floatsidf
                0x0000000008000564                __aeabi_i2d
                0x0000000008000588                __aeabi_f2d
                0x0000000008000588                __extendsfdf2
                0x00000000080005cc                __floatundidf
                0x00000000080005cc                __aeabi_ul2d
                0x00000000080005dc                __floatdidf
                0x00000000080005dc                __aeabi_l2d
 .text          0x0000000008000638      0x424 c:/st/stm32cubeide_1.1.0/stm32cubeide/plugins/com.st.stm32cube.ide.mcu.externaltools.gnu-tools-for-stm32.7-2018-q2-update.win32_1.0.0.201904181610/tools/bin/../lib/gcc/arm-none-eabi/7.3.1/thumb/v7e-m/fpv4-sp/hard\libgcc.a(_arm_muldivdf3.o)
                0x0000000008000638                __aeabi_dmul
                0x0000000008000638                __muldf3
                0x000000000800088c                __divdf3
                0x000000000800088c                __aeabi_ddiv
 .text          0x0000000008000a5c       0x40 c:/st/stm32cubeide_1.1.0/stm32cubeide/plugins/com.st.stm32cube.ide.mcu.externaltools.gnu-tools-for-stm32.7-2018-q2-update.win32_1.0.0.201904181610/tools/bin/../lib/gcc/arm-none-eabi/7.3.1/thumb/v7e-m/fpv4-sp/hard\libgcc.a(_arm_fixunsdfsi.o)
                0x0000000008000a5c                __aeabi_d2uiz
                0x0000000008000a5c                __fixunsdfsi
 .text          0x0000000008000a9c       0x30 c:/st/stm32cubeide_1.1.0/stm32cubeide/plugins/com.st.stm32cube.ide.mcu.externaltools.gnu-tools-for-stm32.7-2018-q2-update.win32_1.0.0.201904181610/tools/bin/../lib/gcc/arm-none-eabi/7.3.1/thumb/v7e-m/fpv4-sp/hard\libgcc.a(_aeabi_uldivmod.o)
                0x0000000008000a9c                __aeabi_uldivmod
 .text          0x0000000008000acc      0x2cc c:/st/stm32cubeide_1.1.0/stm32cubeide/plugins/com.st.stm32cube.ide.mcu.externaltools.gnu-tools-for-stm32.7-2018-q2-update.win32_1.0.0.201904181610/tools/bin/../lib/gcc/arm-none-eabi/7.3.1/thumb/v7e-m/fpv4-sp/hard\libgcc.a(_udivmoddi4.o)
                0x0000000008000acc                __udivmoddi4
 .text          0x0000000008000d98        0x4 c:/st/stm32cubeide_1.1.0/stm32cubeide/plugins/com.st.stm32cube.ide.mcu.externaltools.gnu-tools-for-stm32.7-2018-q2-update.win32_1.0.0.201904181610/tools/bin/../lib/gcc/arm-none-eabi/7.3.1/thumb/v7e-m/fpv4-sp/hard\libgcc.a(_dvmd_tls.o)
                0x0000000008000d98                __aeabi_idiv0
                0x0000000008000d98                __aeabi_ldiv0
 *(.text*)
 .text.HCSR04_Read
                0x0000000008000d9c       0x44 Core/Src/STM32_HCSR04.o
                0x0000000008000d9c                HCSR04_Read
 .text.delay_us
                0x0000000008000de0       0x2e Core/Src/STM32_HCSR04.o
                0x0000000008000de0                delay_us
 *fill*         0x0000000008000e0e        0x2 
 .text.HAL_TIM_IC_CaptureCallback_HCSR04_Ch1
                0x0000000008000e10      0x140 Core/Src/STM32_HCSR04.o
                0x0000000008000e10                HAL_TIM_IC_CaptureCallback_HCSR04_Ch1
 .text.MPU6050_Init
                0x0000000008000f50       0x20 Core/Src/TJ_MPU6050.o
                0x0000000008000f50                MPU6050_Init
 .text.I2C_Read
                0x0000000008000f70       0x50 Core/Src/TJ_MPU6050.o
                0x0000000008000f70                I2C_Read
 .text.I2C_Write8
                0x0000000008000fc0       0x3c Core/Src/TJ_MPU6050.o
                0x0000000008000fc0                I2C_Write8
 .text.MPU6050_Config
                0x0000000008000ffc      0x150 Core/Src/TJ_MPU6050.o
                0x0000000008000ffc                MPU6050_Config
 .text.MPU6050_Set_SMPRT_DIV
                0x000000000800114c       0x1c Core/Src/TJ_MPU6050.o
                0x000000000800114c                MPU6050_Set_SMPRT_DIV
 .text.MPU6050_Get_Accel_RawData
                0x0000000008001168       0xcc Core/Src/TJ_MPU6050.o
                0x0000000008001168                MPU6050_Get_Accel_RawData
 .text.MPU6050_Get_Accel_Scale
                0x0000000008001234       0x90 Core/Src/TJ_MPU6050.o
                0x0000000008001234                MPU6050_Get_Accel_Scale
 .text.MPU6050_Get_Gyro_RawData
                0x00000000080012c4       0x38 Core/Src/TJ_MPU6050.o
                0x00000000080012c4                MPU6050_Get_Gyro_RawData
 .text.MPU6050_Get_Gyro_Scale
                0x00000000080012fc       0x74 Core/Src/TJ_MPU6050.o
                0x00000000080012fc                MPU6050_Get_Gyro_Scale
 .text.vApplicationGetIdleTaskMemory
                0x0000000008001370       0x34 Core/Src/freertos.o
                0x0000000008001370                vApplicationGetIdleTaskMemory
 .text.main     0x00000000080013a4       0xe0 Core/Src/main.o
                0x00000000080013a4                main
 .text.SystemClock_Config
                0x0000000008001484       0xdc Core/Src/main.o
                0x0000000008001484                SystemClock_Config
 .text.MX_I2C1_Init
                0x0000000008001560       0x5c Core/Src/main.o
 .text.MX_TIM2_Init
                0x00000000080015bc       0xa4 Core/Src/main.o
 .text.MX_USART1_UART_Init
                0x0000000008001660       0x54 Core/Src/main.o
 .text.MX_USART2_UART_Init
                0x00000000080016b4       0x54 Core/Src/main.o
 .text.MX_GPIO_Init
                0x0000000008001708       0xe4 Core/Src/main.o
 .text.HAL_TIM_IC_CaptureCallback
                0x00000000080017ec       0x1c Core/Src/main.o
                0x00000000080017ec                HAL_TIM_IC_CaptureCallback
 .text.StartMPU6050Task
                0x0000000008001808       0x38 Core/Src/main.o
                0x0000000008001808                StartMPU6050Task
 .text.StartDefaultTask
                0x0000000008001840       0xb0 Core/Src/main.o
                0x0000000008001840                StartDefaultTask
 .text.Error_Handler
                0x00000000080018f0        0xe Core/Src/main.o
                0x00000000080018f0                Error_Handler
 *fill*         0x00000000080018fe        0x2 
 .text.HAL_MspInit
                0x0000000008001900       0x58 Core/Src/stm32f4xx_hal_msp.o
                0x0000000008001900                HAL_MspInit
 .text.HAL_I2C_MspInit
                0x0000000008001958       0x90 Core/Src/stm32f4xx_hal_msp.o
                0x0000000008001958                HAL_I2C_MspInit
 .text.HAL_TIM_IC_MspInit
                0x00000000080019e8       0x9c Core/Src/stm32f4xx_hal_msp.o
                0x00000000080019e8                HAL_TIM_IC_MspInit
 .text.HAL_UART_MspInit
                0x0000000008001a84      0x138 Core/Src/stm32f4xx_hal_msp.o
                0x0000000008001a84                HAL_UART_MspInit
 .text.NMI_Handler
                0x0000000008001bbc        0xe Core/Src/stm32f4xx_it.o
                0x0000000008001bbc                NMI_Handler
 .text.HardFault_Handler
                0x0000000008001bca        0x6 Core/Src/stm32f4xx_it.o
                0x0000000008001bca                HardFault_Handler
 .text.MemManage_Handler
                0x0000000008001bd0        0x6 Core/Src/stm32f4xx_it.o
                0x0000000008001bd0                MemManage_Handler
 .text.BusFault_Handler
                0x0000000008001bd6        0x6 Core/Src/stm32f4xx_it.o
                0x0000000008001bd6                BusFault_Handler
 .text.UsageFault_Handler
                0x0000000008001bdc        0x6 Core/Src/stm32f4xx_it.o
                0x0000000008001bdc                UsageFault_Handler
 .text.DebugMon_Handler
                0x0000000008001be2        0xe Core/Src/stm32f4xx_it.o
                0x0000000008001be2                DebugMon_Handler
 .text.SysTick_Handler
                0x0000000008001bf0       0x1a Core/Src/stm32f4xx_it.o
                0x0000000008001bf0                SysTick_Handler
 *fill*         0x0000000008001c0a        0x2 
 .text.TIM2_IRQHandler
                0x0000000008001c0c       0x14 Core/Src/stm32f4xx_it.o
                0x0000000008001c0c                TIM2_IRQHandler
 .text._sbrk    0x0000000008001c20       0x58 Core/Src/sysmem.o
                0x0000000008001c20                _sbrk
 .text.SystemInit
                0x0000000008001c78       0x2c Core/Src/system_stm32f4xx.o
                0x0000000008001c78                SystemInit
 .text.Reset_Handler
                0x0000000008001ca4       0x50 Core/Startup/startup_stm32f446retx.o
                0x0000000008001ca4                Reset_Handler
 .text.Default_Handler
                0x0000000008001cf4        0x2 Core/Startup/startup_stm32f446retx.o
                0x0000000008001cf4                RTC_Alarm_IRQHandler
                0x0000000008001cf4                EXTI2_IRQHandler
                0x0000000008001cf4                TIM8_CC_IRQHandler
                0x0000000008001cf4                FMPI2C1_EV_IRQHandler
                0x0000000008001cf4                SPI4_IRQHandler
                0x0000000008001cf4                TIM1_CC_IRQHandler
                0x0000000008001cf4                DMA2_Stream5_IRQHandler
                0x0000000008001cf4                DMA1_Stream5_IRQHandler
                0x0000000008001cf4                PVD_IRQHandler
                0x0000000008001cf4                SDIO_IRQHandler
                0x0000000008001cf4                TAMP_STAMP_IRQHandler
                0x0000000008001cf4                CAN2_RX1_IRQHandler
                0x0000000008001cf4                EXTI3_IRQHandler
                0x0000000008001cf4                TIM8_TRG_COM_TIM14_IRQHandler
                0x0000000008001cf4                TIM1_UP_TIM10_IRQHandler
                0x0000000008001cf4                TIM8_UP_TIM13_IRQHandler
                0x0000000008001cf4                I2C3_ER_IRQHandler
                0x0000000008001cf4                EXTI0_IRQHandler
                0x0000000008001cf4                I2C2_EV_IRQHandler
                0x0000000008001cf4                DMA1_Stream2_IRQHandler
                0x0000000008001cf4                CAN1_RX0_IRQHandler
                0x0000000008001cf4                FPU_IRQHandler
                0x0000000008001cf4                OTG_HS_WKUP_IRQHandler
                0x0000000008001cf4                CAN2_SCE_IRQHandler
                0x0000000008001cf4                DMA2_Stream2_IRQHandler
                0x0000000008001cf4                SPI1_IRQHandler
                0x0000000008001cf4                TIM6_DAC_IRQHandler
                0x0000000008001cf4                TIM1_BRK_TIM9_IRQHandler
                0x0000000008001cf4                DCMI_IRQHandler
                0x0000000008001cf4                CAN2_RX0_IRQHandler
                0x0000000008001cf4                DMA2_Stream3_IRQHandler
                0x0000000008001cf4                SAI2_IRQHandler
                0x0000000008001cf4                USART6_IRQHandler
                0x0000000008001cf4                USART3_IRQHandler
                0x0000000008001cf4                CAN1_RX1_IRQHandler
                0x0000000008001cf4                UART5_IRQHandler
                0x0000000008001cf4                DMA2_Stream0_IRQHandler
                0x0000000008001cf4                TIM4_IRQHandler
                0x0000000008001cf4                QUADSPI_IRQHandler
                0x0000000008001cf4                I2C1_EV_IRQHandler
                0x0000000008001cf4                DMA1_Stream6_IRQHandler
                0x0000000008001cf4                DMA1_Stream1_IRQHandler
                0x0000000008001cf4                UART4_IRQHandler
                0x0000000008001cf4                TIM3_IRQHandler
                0x0000000008001cf4                RCC_IRQHandler
                0x0000000008001cf4                TIM8_BRK_TIM12_IRQHandler
                0x0000000008001cf4                Default_Handler
                0x0000000008001cf4                CEC_IRQHandler
                0x0000000008001cf4                EXTI15_10_IRQHandler
                0x0000000008001cf4                ADC_IRQHandler
                0x0000000008001cf4                DMA1_Stream7_IRQHandler
                0x0000000008001cf4                TIM7_IRQHandler
                0x0000000008001cf4                CAN2_TX_IRQHandler
                0x0000000008001cf4                TIM5_IRQHandler
                0x0000000008001cf4                DMA2_Stream7_IRQHandler
                0x0000000008001cf4                I2C3_EV_IRQHandler
                0x0000000008001cf4                EXTI9_5_IRQHandler
                0x0000000008001cf4                RTC_WKUP_IRQHandler
                0x0000000008001cf4                SPDIF_RX_IRQHandler
                0x0000000008001cf4                SPI2_IRQHandler
                0x0000000008001cf4                OTG_HS_EP1_IN_IRQHandler
                0x0000000008001cf4                DMA1_Stream0_IRQHandler
                0x0000000008001cf4                CAN1_TX_IRQHandler
                0x0000000008001cf4                FMPI2C1_ER_IRQHandler
                0x0000000008001cf4                EXTI4_IRQHandler
                0x0000000008001cf4                OTG_HS_EP1_OUT_IRQHandler
                0x0000000008001cf4                WWDG_IRQHandler
                0x0000000008001cf4                OTG_FS_WKUP_IRQHandler
                0x0000000008001cf4                TIM1_TRG_COM_TIM11_IRQHandler
                0x0000000008001cf4                OTG_HS_IRQHandler
                0x0000000008001cf4                EXTI1_IRQHandler
                0x0000000008001cf4                USART2_IRQHandler
                0x0000000008001cf4                I2C2_ER_IRQHandler
                0x0000000008001cf4                DMA2_Stream1_IRQHandler
                0x0000000008001cf4                CAN1_SCE_IRQHandler
                0x0000000008001cf4                FLASH_IRQHandler
                0x0000000008001cf4                DMA2_Stream4_IRQHandler
                0x0000000008001cf4                USART1_IRQHandler
                0x0000000008001cf4                OTG_FS_IRQHandler
                0x0000000008001cf4                SPI3_IRQHandler
                0x0000000008001cf4                DMA1_Stream4_IRQHandler
                0x0000000008001cf4                I2C1_ER_IRQHandler
                0x0000000008001cf4                FMC_IRQHandler
                0x0000000008001cf4                DMA2_Stream6_IRQHandler
                0x0000000008001cf4                SAI1_IRQHandler
                0x0000000008001cf4                DMA1_Stream3_IRQHandler
 *fill*         0x0000000008001cf6        0x2 
 .text.HAL_Init
                0x0000000008001cf8       0x44 Drivers/STM32F4xx_HAL_Driver/Src/stm32f4xx_hal.o
                0x0000000008001cf8                HAL_Init
 .text.HAL_InitTick
                0x0000000008001d3c       0x60 Drivers/STM32F4xx_HAL_Driver/Src/stm32f4xx_hal.o
                0x0000000008001d3c                HAL_InitTick
 .text.HAL_IncTick
                0x0000000008001d9c       0x28 Drivers/STM32F4xx_HAL_Driver/Src/stm32f4xx_hal.o
                0x0000000008001d9c                HAL_IncTick
 .text.HAL_GetTick
                0x0000000008001dc4       0x18 Drivers/STM32F4xx_HAL_Driver/Src/stm32f4xx_hal.o
                0x0000000008001dc4                HAL_GetTick
 .text.HAL_Delay
                0x0000000008001ddc       0x44 Drivers/STM32F4xx_HAL_Driver/Src/stm32f4xx_hal.o
                0x0000000008001ddc                HAL_Delay
 .text.__NVIC_SetPriorityGrouping
                0x0000000008001e20       0x48 Drivers/STM32F4xx_HAL_Driver/Src/stm32f4xx_hal_cortex.o
 .text.__NVIC_GetPriorityGrouping
                0x0000000008001e68       0x1c Drivers/STM32F4xx_HAL_Driver/Src/stm32f4xx_hal_cortex.o
 .text.__NVIC_EnableIRQ
                0x0000000008001e84       0x3c Drivers/STM32F4xx_HAL_Driver/Src/stm32f4xx_hal_cortex.o
 .text.__NVIC_SetPriority
                0x0000000008001ec0       0x54 Drivers/STM32F4xx_HAL_Driver/Src/stm32f4xx_hal_cortex.o
 .text.NVIC_EncodePriority
                0x0000000008001f14       0x66 Drivers/STM32F4xx_HAL_Driver/Src/stm32f4xx_hal_cortex.o
 *fill*         0x0000000008001f7a        0x2 
 .text.SysTick_Config
                0x0000000008001f7c       0x44 Drivers/STM32F4xx_HAL_Driver/Src/stm32f4xx_hal_cortex.o
 .text.HAL_NVIC_SetPriorityGrouping
                0x0000000008001fc0       0x16 Drivers/STM32F4xx_HAL_Driver/Src/stm32f4xx_hal_cortex.o
                0x0000000008001fc0                HAL_NVIC_SetPriorityGrouping
 .text.HAL_NVIC_SetPriority
                0x0000000008001fd6       0x38 Drivers/STM32F4xx_HAL_Driver/Src/stm32f4xx_hal_cortex.o
                0x0000000008001fd6                HAL_NVIC_SetPriority
 .text.HAL_NVIC_EnableIRQ
                0x000000000800200e       0x1c Drivers/STM32F4xx_HAL_Driver/Src/stm32f4xx_hal_cortex.o
                0x000000000800200e                HAL_NVIC_EnableIRQ
 .text.HAL_SYSTICK_Config
                0x000000000800202a       0x18 Drivers/STM32F4xx_HAL_Driver/Src/stm32f4xx_hal_cortex.o
                0x000000000800202a                HAL_SYSTICK_Config
 *fill*         0x0000000008002042        0x2 
 .text.HAL_GPIO_Init
                0x0000000008002044      0x324 Drivers/STM32F4xx_HAL_Driver/Src/stm32f4xx_hal_gpio.o
                0x0000000008002044                HAL_GPIO_Init
 .text.HAL_GPIO_WritePin
                0x0000000008002368       0x32 Drivers/STM32F4xx_HAL_Driver/Src/stm32f4xx_hal_gpio.o
                0x0000000008002368                HAL_GPIO_WritePin
 *fill*         0x000000000800239a        0x2 
 .text.HAL_I2C_Init
                0x000000000800239c      0x270 Drivers/STM32F4xx_HAL_Driver/Src/stm32f4xx_hal_i2c.o
                0x000000000800239c                HAL_I2C_Init
 .text.HAL_I2C_Master_Transmit
                0x000000000800260c      0x1fc Drivers/STM32F4xx_HAL_Driver/Src/stm32f4xx_hal_i2c.o
                0x000000000800260c                HAL_I2C_Master_Transmit
 .text.HAL_I2C_Master_Receive
                0x0000000008002808      0x44c Drivers/STM32F4xx_HAL_Driver/Src/stm32f4xx_hal_i2c.o
                0x0000000008002808                HAL_I2C_Master_Receive
 .text.HAL_I2C_Mem_Read
                0x0000000008002c54      0x44c Drivers/STM32F4xx_HAL_Driver/Src/stm32f4xx_hal_i2c.o
                0x0000000008002c54                HAL_I2C_Mem_Read
 .text.I2C_MasterRequestWrite
                0x00000000080030a0      0x104 Drivers/STM32F4xx_HAL_Driver/Src/stm32f4xx_hal_i2c.o
 .text.I2C_MasterRequestRead
                0x00000000080031a4      0x198 Drivers/STM32F4xx_HAL_Driver/Src/stm32f4xx_hal_i2c.o
 .text.I2C_RequestMemoryRead
                0x000000000800333c      0x1cc Drivers/STM32F4xx_HAL_Driver/Src/stm32f4xx_hal_i2c.o
 .text.I2C_WaitOnFlagUntilTimeout
                0x0000000008003508       0xae Drivers/STM32F4xx_HAL_Driver/Src/stm32f4xx_hal_i2c.o
 .text.I2C_WaitOnMasterAddressFlagUntilTimeout
                0x00000000080035b6       0xfe Drivers/STM32F4xx_HAL_Driver/Src/stm32f4xx_hal_i2c.o
 .text.I2C_WaitOnTXEFlagUntilTimeout
                0x00000000080036b4       0x82 Drivers/STM32F4xx_HAL_Driver/Src/stm32f4xx_hal_i2c.o
 .text.I2C_WaitOnBTFFlagUntilTimeout
                0x0000000008003736       0x82 Drivers/STM32F4xx_HAL_Driver/Src/stm32f4xx_hal_i2c.o
 .text.I2C_WaitOnRXNEFlagUntilTimeout
                0x00000000080037b8       0xac Drivers/STM32F4xx_HAL_Driver/Src/stm32f4xx_hal_i2c.o
 .text.I2C_IsAcknowledgeFailed
                0x0000000008003864       0x5e Drivers/STM32F4xx_HAL_Driver/Src/stm32f4xx_hal_i2c.o
 *fill*         0x00000000080038c2        0x2 
 .text.HAL_RCC_ClockConfig
                0x00000000080038c4      0x1cc Drivers/STM32F4xx_HAL_Driver/Src/stm32f4xx_hal_rcc.o
                0x00000000080038c4                HAL_RCC_ClockConfig
 .text.HAL_RCC_GetHCLKFreq
                0x0000000008003a90       0x18 Drivers/STM32F4xx_HAL_Driver/Src/stm32f4xx_hal_rcc.o
                0x0000000008003a90                HAL_RCC_GetHCLKFreq
 .text.HAL_RCC_GetPCLK1Freq
                0x0000000008003aa8       0x28 Drivers/STM32F4xx_HAL_Driver/Src/stm32f4xx_hal_rcc.o
                0x0000000008003aa8                HAL_RCC_GetPCLK1Freq
 .text.HAL_RCC_GetPCLK2Freq
                0x0000000008003ad0       0x28 Drivers/STM32F4xx_HAL_Driver/Src/stm32f4xx_hal_rcc.o
                0x0000000008003ad0                HAL_RCC_GetPCLK2Freq
 .text.HAL_RCC_GetSysClockFreq
                0x0000000008003af8      0x340 Drivers/STM32F4xx_HAL_Driver/Src/stm32f4xx_hal_rcc_ex.o
                0x0000000008003af8                HAL_RCC_GetSysClockFreq
 .text.HAL_RCC_OscConfig
                0x0000000008003e38      0x4b4 Drivers/STM32F4xx_HAL_Driver/Src/stm32f4xx_hal_rcc_ex.o
                0x0000000008003e38                HAL_RCC_OscConfig
 .text.HAL_TIM_IC_Init
                0x00000000080042ec       0x56 Drivers/STM32F4xx_HAL_Driver/Src/stm32f4xx_hal_tim.o
                0x00000000080042ec                HAL_TIM_IC_Init
 *fill*         0x0000000008004342        0x2 
 .text.HAL_TIM_IC_Start_IT
                0x0000000008004344       0xd0 Drivers/STM32F4xx_HAL_Driver/Src/stm32f4xx_hal_tim.o
                0x0000000008004344                HAL_TIM_IC_Start_IT
 .text.HAL_TIM_IRQHandler
                0x0000000008004414      0x210 Drivers/STM32F4xx_HAL_Driver/Src/stm32f4xx_hal_tim.o
                0x0000000008004414                HAL_TIM_IRQHandler
 .text.HAL_TIM_IC_ConfigChannel
                0x0000000008004624      0x138 Drivers/STM32F4xx_HAL_Driver/Src/stm32f4xx_hal_tim.o
                0x0000000008004624                HAL_TIM_IC_ConfigChannel
 .text.HAL_TIM_ReadCapturedValue
                0x000000000800475c       0x88 Drivers/STM32F4xx_HAL_Driver/Src/stm32f4xx_hal_tim.o
                0x000000000800475c                HAL_TIM_ReadCapturedValue
 .text.HAL_TIM_PeriodElapsedCallback
                0x00000000080047e4       0x14 Drivers/STM32F4xx_HAL_Driver/Src/stm32f4xx_hal_tim.o
                0x00000000080047e4                HAL_TIM_PeriodElapsedCallback
 .text.HAL_TIM_OC_DelayElapsedCallback
                0x00000000080047f8       0x14 Drivers/STM32F4xx_HAL_Driver/Src/stm32f4xx_hal_tim.o
                0x00000000080047f8                HAL_TIM_OC_DelayElapsedCallback
 .text.HAL_TIM_PWM_PulseFinishedCallback
                0x000000000800480c       0x14 Drivers/STM32F4xx_HAL_Driver/Src/stm32f4xx_hal_tim.o
                0x000000000800480c                HAL_TIM_PWM_PulseFinishedCallback
 .text.HAL_TIM_TriggerCallback
                0x0000000008004820       0x14 Drivers/STM32F4xx_HAL_Driver/Src/stm32f4xx_hal_tim.o
                0x0000000008004820                HAL_TIM_TriggerCallback
 .text.TIM_Base_SetConfig
                0x0000000008004834      0x140 Drivers/STM32F4xx_HAL_Driver/Src/stm32f4xx_hal_tim.o
                0x0000000008004834                TIM_Base_SetConfig
 .text.TIM_TI1_SetConfig
                0x0000000008004974       0xe8 Drivers/STM32F4xx_HAL_Driver/Src/stm32f4xx_hal_tim.o
                0x0000000008004974                TIM_TI1_SetConfig
 .text.TIM_TI2_SetConfig
                0x0000000008004a5c       0x7a Drivers/STM32F4xx_HAL_Driver/Src/stm32f4xx_hal_tim.o
 .text.TIM_TI3_SetConfig
                0x0000000008004ad6       0x78 Drivers/STM32F4xx_HAL_Driver/Src/stm32f4xx_hal_tim.o
 .text.TIM_TI4_SetConfig
                0x0000000008004b4e       0x7a Drivers/STM32F4xx_HAL_Driver/Src/stm32f4xx_hal_tim.o
 .text.TIM_CCxChannelCmd
                0x0000000008004bc8       0x4a Drivers/STM32F4xx_HAL_Driver/Src/stm32f4xx_hal_tim.o
                0x0000000008004bc8                TIM_CCxChannelCmd
 *fill*         0x0000000008004c12        0x2 
 .text.HAL_TIMEx_MasterConfigSynchronization
                0x0000000008004c14       0xf8 Drivers/STM32F4xx_HAL_Driver/Src/stm32f4xx_hal_tim_ex.o
                0x0000000008004c14                HAL_TIMEx_MasterConfigSynchronization
 .text.HAL_TIMEx_CommutCallback
                0x0000000008004d0c       0x14 Drivers/STM32F4xx_HAL_Driver/Src/stm32f4xx_hal_tim_ex.o
                0x0000000008004d0c                HAL_TIMEx_CommutCallback
 .text.HAL_TIMEx_BreakCallback
                0x0000000008004d20       0x14 Drivers/STM32F4xx_HAL_Driver/Src/stm32f4xx_hal_tim_ex.o
                0x0000000008004d20                HAL_TIMEx_BreakCallback
 .text.HAL_UART_Init
                0x0000000008004d34       0x9a Drivers/STM32F4xx_HAL_Driver/Src/stm32f4xx_hal_uart.o
                0x0000000008004d34                HAL_UART_Init
 .text.HAL_UART_Transmit
                0x0000000008004dce      0x132 Drivers/STM32F4xx_HAL_Driver/Src/stm32f4xx_hal_uart.o
                0x0000000008004dce                HAL_UART_Transmit
 .text.UART_WaitOnFlagUntilTimeout
                0x0000000008004f00       0x94 Drivers/STM32F4xx_HAL_Driver/Src/stm32f4xx_hal_uart.o
 .text.UART_SetConfig
                0x0000000008004f94      0x6f8 Drivers/STM32F4xx_HAL_Driver/Src/stm32f4xx_hal_uart.o
 .text.makeFreeRtosPriority
                0x000000000800568c       0x30 Middlewares/Third_Party/FreeRTOS/Source/CMSIS_RTOS/cmsis_os.o
 .text.osKernelStart
                0x00000000080056bc        0xe Middlewares/Third_Party/FreeRTOS/Source/CMSIS_RTOS/cmsis_os.o
                0x00000000080056bc                osKernelStart
 .text.osThreadCreate
                0x00000000080056ca       0x98 Middlewares/Third_Party/FreeRTOS/Source/CMSIS_RTOS/cmsis_os.o
                0x00000000080056ca                osThreadCreate
 .text.osDelay  0x0000000008005762       0x28 Middlewares/Third_Party/FreeRTOS/Source/CMSIS_RTOS/cmsis_os.o
                0x0000000008005762                osDelay
 .text.vListInitialise
                0x000000000800578a       0x40 Middlewares/Third_Party/FreeRTOS/Source/list.o
                0x000000000800578a                vListInitialise
 .text.vListInitialiseItem
                0x00000000080057ca       0x1a Middlewares/Third_Party/FreeRTOS/Source/list.o
                0x00000000080057ca                vListInitialiseItem
 .text.vListInsertEnd
                0x00000000080057e4       0x48 Middlewares/Third_Party/FreeRTOS/Source/list.o
                0x00000000080057e4                vListInsertEnd
 .text.vListInsert
                0x000000000800582c       0x72 Middlewares/Third_Party/FreeRTOS/Source/list.o
                0x000000000800582c                vListInsert
 .text.uxListRemove
                0x000000000800589e       0x54 Middlewares/Third_Party/FreeRTOS/Source/list.o
                0x000000000800589e                uxListRemove
 .text.xTaskCreateStatic
                0x00000000080058f2       0xb4 Middlewares/Third_Party/FreeRTOS/Source/tasks.o
                0x00000000080058f2                xTaskCreateStatic
 .text.xTaskCreate
                0x00000000080059a6       0x8a Middlewares/Third_Party/FreeRTOS/Source/tasks.o
                0x00000000080059a6                xTaskCreate
 .text.prvInitialiseNewTask
                0x0000000008005a30      0x10c Middlewares/Third_Party/FreeRTOS/Source/tasks.o
 .text.prvAddNewTaskToReadyList
                0x0000000008005b3c       0xd4 Middlewares/Third_Party/FreeRTOS/Source/tasks.o
 .text.vTaskDelay
                0x0000000008005c10       0x68 Middlewares/Third_Party/FreeRTOS/Source/tasks.o
                0x0000000008005c10                vTaskDelay
 .text.vTaskStartScheduler
                0x0000000008005c78       0xbc Middlewares/Third_Party/FreeRTOS/Source/tasks.o
                0x0000000008005c78                vTaskStartScheduler
 .text.vTaskSuspendAll
                0x0000000008005d34       0x1c Middlewares/Third_Party/FreeRTOS/Source/tasks.o
                0x0000000008005d34                vTaskSuspendAll
 .text.xTaskResumeAll
                0x0000000008005d50      0x138 Middlewares/Third_Party/FreeRTOS/Source/tasks.o
                0x0000000008005d50                xTaskResumeAll
 .text.xTaskIncrementTick
                0x0000000008005e88      0x170 Middlewares/Third_Party/FreeRTOS/Source/tasks.o
                0x0000000008005e88                xTaskIncrementTick
 .text.vTaskSwitchContext
                0x0000000008005ff8       0xb4 Middlewares/Third_Party/FreeRTOS/Source/tasks.o
                0x0000000008005ff8                vTaskSwitchContext
 .text.prvIdleTask
                0x00000000080060ac       0x30 Middlewares/Third_Party/FreeRTOS/Source/tasks.o
 .text.prvInitialiseTaskLists
                0x00000000080060dc       0x80 Middlewares/Third_Party/FreeRTOS/Source/tasks.o
 .text.prvCheckTasksWaitingTermination
                0x000000000800615c       0x58 Middlewares/Third_Party/FreeRTOS/Source/tasks.o
 .text.prvDeleteTCB
                0x00000000080061b4       0x5c Middlewares/Third_Party/FreeRTOS/Source/tasks.o
 .text.prvResetNextTaskUnblockTime
                0x0000000008006210       0x40 Middlewares/Third_Party/FreeRTOS/Source/tasks.o
 .text.xTaskGetSchedulerState
                0x0000000008006250       0x3c Middlewares/Third_Party/FreeRTOS/Source/tasks.o
                0x0000000008006250                xTaskGetSchedulerState
 .text.prvAddCurrentTaskToDelayedList
                0x000000000800628c       0xcc Middlewares/Third_Party/FreeRTOS/Source/tasks.o
 .text.pxPortInitialiseStack
                0x0000000008006358       0x68 Middlewares/Third_Party/FreeRTOS/Source/portable/GCC/ARM_CM4F/port.o
                0x0000000008006358                pxPortInitialiseStack
 .text.prvTaskExitError
                0x00000000080063c0       0x54 Middlewares/Third_Party/FreeRTOS/Source/portable/GCC/ARM_CM4F/port.o
 *fill*         0x0000000008006414        0xc 
 .text.SVC_Handler
                0x0000000008006420       0x28 Middlewares/Third_Party/FreeRTOS/Source/portable/GCC/ARM_CM4F/port.o
                0x0000000008006420                SVC_Handler
 .text.prvPortStartFirstTask
                0x0000000008006448       0x28 Middlewares/Third_Party/FreeRTOS/Source/portable/GCC/ARM_CM4F/port.o
 .text.xPortStartScheduler
                0x0000000008006470      0x13c Middlewares/Third_Party/FreeRTOS/Source/portable/GCC/ARM_CM4F/port.o
                0x0000000008006470                xPortStartScheduler
 .text.vPortEnterCritical
                0x00000000080065ac       0x5c Middlewares/Third_Party/FreeRTOS/Source/portable/GCC/ARM_CM4F/port.o
                0x00000000080065ac                vPortEnterCritical
 .text.vPortExitCritical
                0x0000000008006608       0x50 Middlewares/Third_Party/FreeRTOS/Source/portable/GCC/ARM_CM4F/port.o
                0x0000000008006608                vPortExitCritical
 *fill*         0x0000000008006658        0x8 
 .text.PendSV_Handler
                0x0000000008006660       0x68 Middlewares/Third_Party/FreeRTOS/Source/portable/GCC/ARM_CM4F/port.o
                0x0000000008006660                PendSV_Handler
 .text.xPortSysTickHandler
                0x00000000080066c8       0x40 Middlewares/Third_Party/FreeRTOS/Source/portable/GCC/ARM_CM4F/port.o
                0x00000000080066c8                xPortSysTickHandler
 .text.vPortSetupTimerInterrupt
                0x0000000008006708       0x48 Middlewares/Third_Party/FreeRTOS/Source/portable/GCC/ARM_CM4F/port.o
                0x0000000008006708                vPortSetupTimerInterrupt
 .text.vPortEnableVFP
                0x0000000008006750       0x14 Middlewares/Third_Party/FreeRTOS/Source/portable/GCC/ARM_CM4F/port.o
 .text.pvPortMalloc
                0x0000000008006764      0x184 Middlewares/Third_Party/FreeRTOS/Source/portable/MemMang/heap_4.o
                0x0000000008006764                pvPortMalloc
 .text.vPortFree
                0x00000000080068e8       0xb0 Middlewares/Third_Party/FreeRTOS/Source/portable/MemMang/heap_4.o
                0x00000000080068e8                vPortFree
 .text.prvHeapInit
                0x0000000008006998       0xc4 Middlewares/Third_Party/FreeRTOS/Source/portable/MemMang/heap_4.o
 .text.prvInsertBlockIntoFreeList
                0x0000000008006a5c       0xb4 Middlewares/Third_Party/FreeRTOS/Source/portable/MemMang/heap_4.o
 .text.__errno  0x0000000008006b10        0xc c:/st/stm32cubeide_1.1.0/stm32cubeide/plugins/com.st.stm32cube.ide.mcu.externaltools.gnu-tools-for-stm32.7-2018-q2-update.win32_1.0.0.201904181610/tools/bin/../lib/gcc/arm-none-eabi/7.3.1/../../../../arm-none-eabi/lib/thumb/v7e-m/fpv4-sp/hard\libc_nano.a(lib_a-errno.o)
                0x0000000008006b10                __errno
 .text.__libc_init_array
                0x0000000008006b1c       0x48 c:/st/stm32cubeide_1.1.0/stm32cubeide/plugins/com.st.stm32cube.ide.mcu.externaltools.gnu-tools-for-stm32.7-2018-q2-update.win32_1.0.0.201904181610/tools/bin/../lib/gcc/arm-none-eabi/7.3.1/../../../../arm-none-eabi/lib/thumb/v7e-m/fpv4-sp/hard\libc_nano.a(lib_a-init.o)
                0x0000000008006b1c                __libc_init_array
 .text.memcpy   0x0000000008006b64       0x16 c:/st/stm32cubeide_1.1.0/stm32cubeide/plugins/com.st.stm32cube.ide.mcu.externaltools.gnu-tools-for-stm32.7-2018-q2-update.win32_1.0.0.201904181610/tools/bin/../lib/gcc/arm-none-eabi/7.3.1/../../../../arm-none-eabi/lib/thumb/v7e-m/fpv4-sp/hard\libc_nano.a(lib_a-memcpy-stub.o)
                0x0000000008006b64                memcpy
 .text.memset   0x0000000008006b7a       0x10 c:/st/stm32cubeide_1.1.0/stm32cubeide/plugins/com.st.stm32cube.ide.mcu.externaltools.gnu-tools-for-stm32.7-2018-q2-update.win32_1.0.0.201904181610/tools/bin/../lib/gcc/arm-none-eabi/7.3.1/../../../../arm-none-eabi/lib/thumb/v7e-m/fpv4-sp/hard\libc_nano.a(lib_a-memset.o)
                0x0000000008006b7a                memset
 *fill*         0x0000000008006b8a        0x2 
 .text.sprintf  0x0000000008006b8c       0x40 c:/st/stm32cubeide_1.1.0/stm32cubeide/plugins/com.st.stm32cube.ide.mcu.externaltools.gnu-tools-for-stm32.7-2018-q2-update.win32_1.0.0.201904181610/tools/bin/../lib/gcc/arm-none-eabi/7.3.1/../../../../arm-none-eabi/lib/thumb/v7e-m/fpv4-sp/hard\libc_nano.a(lib_a-sprintf.o)
                0x0000000008006b8c                siprintf
                0x0000000008006b8c                sprintf
 .text.__ssputs_r
                0x0000000008006bcc       0xb4 c:/st/stm32cubeide_1.1.0/stm32cubeide/plugins/com.st.stm32cube.ide.mcu.externaltools.gnu-tools-for-stm32.7-2018-q2-update.win32_1.0.0.201904181610/tools/bin/../lib/gcc/arm-none-eabi/7.3.1/../../../../arm-none-eabi/lib/thumb/v7e-m/fpv4-sp/hard\libc_nano.a(lib_a-nano-svfprintf.o)
                0x0000000008006bcc                __ssputs_r
 .text._svfprintf_r
                0x0000000008006c80      0x1f0 c:/st/stm32cubeide_1.1.0/stm32cubeide/plugins/com.st.stm32cube.ide.mcu.externaltools.gnu-tools-for-stm32.7-2018-q2-update.win32_1.0.0.201904181610/tools/bin/../lib/gcc/arm-none-eabi/7.3.1/../../../../arm-none-eabi/lib/thumb/v7e-m/fpv4-sp/hard\libc_nano.a(lib_a-nano-svfprintf.o)
                0x0000000008006c80                _svfiprintf_r
                0x0000000008006c80                _svfprintf_r
 .text._printf_common
                0x0000000008006e70       0xea c:/st/stm32cubeide_1.1.0/stm32cubeide/plugins/com.st.stm32cube.ide.mcu.externaltools.gnu-tools-for-stm32.7-2018-q2-update.win32_1.0.0.201904181610/tools/bin/../lib/gcc/arm-none-eabi/7.3.1/../../../../arm-none-eabi/lib/thumb/v7e-m/fpv4-sp/hard\libc_nano.a(lib_a-nano-vfprintf_i.o)
                0x0000000008006e70                _printf_common
 *fill*         0x0000000008006f5a        0x2 
 .text._printf_i
                0x0000000008006f5c      0x224 c:/st/stm32cubeide_1.1.0/stm32cubeide/plugins/com.st.stm32cube.ide.mcu.externaltools.gnu-tools-for-stm32.7-2018-q2-update.win32_1.0.0.201904181610/tools/bin/../lib/gcc/arm-none-eabi/7.3.1/../../../../arm-none-eabi/lib/thumb/v7e-m/fpv4-sp/hard\libc_nano.a(lib_a-nano-vfprintf_i.o)
                0x0000000008006f5c                _printf_i
 .text.memmove  0x0000000008007180       0x32 c:/st/stm32cubeide_1.1.0/stm32cubeide/plugins/com.st.stm32cube.ide.mcu.externaltools.gnu-tools-for-stm32.7-2018-q2-update.win32_1.0.0.201904181610/tools/bin/../lib/gcc/arm-none-eabi/7.3.1/../../../../arm-none-eabi/lib/thumb/v7e-m/fpv4-sp/hard\libc_nano.a(lib_a-memmove.o)
                0x0000000008007180                memmove
 *fill*         0x00000000080071b2        0x2 
 .text._free_r  0x00000000080071b4       0x9c c:/st/stm32cubeide_1.1.0/stm32cubeide/plugins/com.st.stm32cube.ide.mcu.externaltools.gnu-tools-for-stm32.7-2018-q2-update.win32_1.0.0.201904181610/tools/bin/../lib/gcc/arm-none-eabi/7.3.1/../../../../arm-none-eabi/lib/thumb/v7e-m/fpv4-sp/hard\libc_nano.a(lib_a-nano-freer.o)
                0x00000000080071b4                _free_r
 .text._malloc_r
                0x0000000008007250       0xb4 c:/st/stm32cubeide_1.1.0/stm32cubeide/plugins/com.st.stm32cube.ide.mcu.externaltools.gnu-tools-for-stm32.7-2018-q2-update.win32_1.0.0.201904181610/tools/bin/../lib/gcc/arm-none-eabi/7.3.1/../../../../arm-none-eabi/lib/thumb/v7e-m/fpv4-sp/hard\libc_nano.a(lib_a-nano-mallocr.o)
                0x0000000008007250                _malloc_r
 .text._realloc_r
                0x0000000008007304       0x4c c:/st/stm32cubeide_1.1.0/stm32cubeide/plugins/com.st.stm32cube.ide.mcu.externaltools.gnu-tools-for-stm32.7-2018-q2-update.win32_1.0.0.201904181610/tools/bin/../lib/gcc/arm-none-eabi/7.3.1/../../../../arm-none-eabi/lib/thumb/v7e-m/fpv4-sp/hard\libc_nano.a(lib_a-nano-reallocr.o)
                0x0000000008007304                _realloc_r
 .text._sbrk_r  0x0000000008007350       0x20 c:/st/stm32cubeide_1.1.0/stm32cubeide/plugins/com.st.stm32cube.ide.mcu.externaltools.gnu-tools-for-stm32.7-2018-q2-update.win32_1.0.0.201904181610/tools/bin/../lib/gcc/arm-none-eabi/7.3.1/../../../../arm-none-eabi/lib/thumb/v7e-m/fpv4-sp/hard\libc_nano.a(lib_a-sbrkr.o)
                0x0000000008007350                _sbrk_r
 .text.__malloc_lock
                0x0000000008007370        0x2 c:/st/stm32cubeide_1.1.0/stm32cubeide/plugins/com.st.stm32cube.ide.mcu.externaltools.gnu-tools-for-stm32.7-2018-q2-update.win32_1.0.0.201904181610/tools/bin/../lib/gcc/arm-none-eabi/7.3.1/../../../../arm-none-eabi/lib/thumb/v7e-m/fpv4-sp/hard\libc_nano.a(lib_a-mlock.o)
                0x0000000008007370                __malloc_lock
 .text.__malloc_unlock
                0x0000000008007372        0x2 c:/st/stm32cubeide_1.1.0/stm32cubeide/plugins/com.st.stm32cube.ide.mcu.externaltools.gnu-tools-for-stm32.7-2018-q2-update.win32_1.0.0.201904181610/tools/bin/../lib/gcc/arm-none-eabi/7.3.1/../../../../arm-none-eabi/lib/thumb/v7e-m/fpv4-sp/hard\libc_nano.a(lib_a-mlock.o)
                0x0000000008007372                __malloc_unlock
 .text._malloc_usable_size_r
                0x0000000008007374       0x10 c:/st/stm32cubeide_1.1.0/stm32cubeide/plugins/com.st.stm32cube.ide.mcu.externaltools.gnu-tools-for-stm32.7-2018-q2-update.win32_1.0.0.201904181610/tools/bin/../lib/gcc/arm-none-eabi/7.3.1/../../../../arm-none-eabi/lib/thumb/v7e-m/fpv4-sp/hard\libc_nano.a(lib_a-nano-msizer.o)
                0x0000000008007374                _malloc_usable_size_r
 *(.glue_7)
 .glue_7        0x0000000008007384        0x0 linker stubs
 *(.glue_7t)
 .glue_7t       0x0000000008007384        0x0 linker stubs
 *(.eh_frame)
 .eh_frame      0x0000000008007384        0x0 c:/st/stm32cubeide_1.1.0/stm32cubeide/plugins/com.st.stm32cube.ide.mcu.externaltools.gnu-tools-for-stm32.7-2018-q2-update.win32_1.0.0.201904181610/tools/bin/../lib/gcc/arm-none-eabi/7.3.1/thumb/v7e-m/fpv4-sp/hard/crtbegin.o
 *(.init)
 .init          0x0000000008007384        0x4 c:/st/stm32cubeide_1.1.0/stm32cubeide/plugins/com.st.stm32cube.ide.mcu.externaltools.gnu-tools-for-stm32.7-2018-q2-update.win32_1.0.0.201904181610/tools/bin/../lib/gcc/arm-none-eabi/7.3.1/thumb/v7e-m/fpv4-sp/hard/crti.o
                0x0000000008007384                _init
 .init          0x0000000008007388        0x8 c:/st/stm32cubeide_1.1.0/stm32cubeide/plugins/com.st.stm32cube.ide.mcu.externaltools.gnu-tools-for-stm32.7-2018-q2-update.win32_1.0.0.201904181610/tools/bin/../lib/gcc/arm-none-eabi/7.3.1/thumb/v7e-m/fpv4-sp/hard/crtn.o
 *(.fini)
 .fini          0x0000000008007390        0x4 c:/st/stm32cubeide_1.1.0/stm32cubeide/plugins/com.st.stm32cube.ide.mcu.externaltools.gnu-tools-for-stm32.7-2018-q2-update.win32_1.0.0.201904181610/tools/bin/../lib/gcc/arm-none-eabi/7.3.1/thumb/v7e-m/fpv4-sp/hard/crti.o
                0x0000000008007390                _fini
 .fini          0x0000000008007394        0x8 c:/st/stm32cubeide_1.1.0/stm32cubeide/plugins/com.st.stm32cube.ide.mcu.externaltools.gnu-tools-for-stm32.7-2018-q2-update.win32_1.0.0.201904181610/tools/bin/../lib/gcc/arm-none-eabi/7.3.1/thumb/v7e-m/fpv4-sp/hard/crtn.o
                0x000000000800739c                . = ALIGN (0x4)
                0x000000000800739c                _etext = .

.vfp11_veneer   0x000000000800739c        0x0
 .vfp11_veneer  0x000000000800739c        0x0 linker stubs

.v4_bx          0x000000000800739c        0x0
 .v4_bx         0x000000000800739c        0x0 linker stubs

.iplt           0x000000000800739c        0x0
 .iplt          0x000000000800739c        0x0 c:/st/stm32cubeide_1.1.0/stm32cubeide/plugins/com.st.stm32cube.ide.mcu.externaltools.gnu-tools-for-stm32.7-2018-q2-update.win32_1.0.0.201904181610/tools/bin/../lib/gcc/arm-none-eabi/7.3.1/thumb/v7e-m/fpv4-sp/hard/crtbegin.o

.rodata         0x000000000800739c       0xb0
                0x000000000800739c                . = ALIGN (0x4)
 *(.rodata)
 .rodata        0x000000000800739c       0x5a Core/Src/main.o
 *fill*         0x00000000080073f6        0x2 
 .rodata        0x00000000080073f8        0x5 Middlewares/Third_Party/FreeRTOS/Source/tasks.o
 *(.rodata*)
 *fill*         0x00000000080073fd        0x3 
 .rodata.AHBPrescTable
                0x0000000008007400       0x10 Core/Src/system_stm32f4xx.o
                0x0000000008007400                AHBPrescTable
 .rodata.APBPrescTable
                0x0000000008007410        0x8 Core/Src/system_stm32f4xx.o
                0x0000000008007410                APBPrescTable
 .rodata._svfprintf_r.str1.1
                0x0000000008007418       0x11 c:/st/stm32cubeide_1.1.0/stm32cubeide/plugins/com.st.stm32cube.ide.mcu.externaltools.gnu-tools-for-stm32.7-2018-q2-update.win32_1.0.0.201904181610/tools/bin/../lib/gcc/arm-none-eabi/7.3.1/../../../../arm-none-eabi/lib/thumb/v7e-m/fpv4-sp/hard\libc_nano.a(lib_a-nano-svfprintf.o)
 .rodata._printf_i.str1.1
                0x0000000008007429       0x22 c:/st/stm32cubeide_1.1.0/stm32cubeide/plugins/com.st.stm32cube.ide.mcu.externaltools.gnu-tools-for-stm32.7-2018-q2-update.win32_1.0.0.201904181610/tools/bin/../lib/gcc/arm-none-eabi/7.3.1/../../../../arm-none-eabi/lib/thumb/v7e-m/fpv4-sp/hard\libc_nano.a(lib_a-nano-vfprintf_i.o)
                0x000000000800744c                . = ALIGN (0x4)
 *fill*         0x000000000800744b        0x1 

.ARM.extab      0x000000000800744c        0x0
                0x000000000800744c                . = ALIGN (0x4)
 *(.ARM.extab* .gnu.linkonce.armextab.*)
                0x000000000800744c                . = ALIGN (0x4)

.ARM            0x000000000800744c        0x8
                0x000000000800744c                . = ALIGN (0x4)
                0x000000000800744c                __exidx_start = .
 *(.ARM.exidx*)
 .ARM.exidx     0x000000000800744c        0x8 c:/st/stm32cubeide_1.1.0/stm32cubeide/plugins/com.st.stm32cube.ide.mcu.externaltools.gnu-tools-for-stm32.7-2018-q2-update.win32_1.0.0.201904181610/tools/bin/../lib/gcc/arm-none-eabi/7.3.1/thumb/v7e-m/fpv4-sp/hard\libgcc.a(_udivmoddi4.o)
                0x0000000008007454                __exidx_end = .
                0x0000000008007454                . = ALIGN (0x4)

.rel.dyn        0x0000000008007454        0x0
 .rel.iplt      0x0000000008007454        0x0 c:/st/stm32cubeide_1.1.0/stm32cubeide/plugins/com.st.stm32cube.ide.mcu.externaltools.gnu-tools-for-stm32.7-2018-q2-update.win32_1.0.0.201904181610/tools/bin/../lib/gcc/arm-none-eabi/7.3.1/thumb/v7e-m/fpv4-sp/hard/crtbegin.o

.preinit_array  0x0000000008007454        0x0
                0x0000000008007454                . = ALIGN (0x4)
                0x0000000008007454                PROVIDE (__preinit_array_start = .)
 *(.preinit_array*)
                0x0000000008007454                PROVIDE (__preinit_array_end = .)
                0x0000000008007454                . = ALIGN (0x4)

.init_array     0x0000000008007454        0x4
                0x0000000008007454                . = ALIGN (0x4)
                0x0000000008007454                PROVIDE (__init_array_start = .)
 *(SORT_BY_NAME(.init_array.*))
 *(.init_array*)
 .init_array    0x0000000008007454        0x4 c:/st/stm32cubeide_1.1.0/stm32cubeide/plugins/com.st.stm32cube.ide.mcu.externaltools.gnu-tools-for-stm32.7-2018-q2-update.win32_1.0.0.201904181610/tools/bin/../lib/gcc/arm-none-eabi/7.3.1/thumb/v7e-m/fpv4-sp/hard/crtbegin.o
                0x0000000008007458                PROVIDE (__init_array_end = .)
                0x0000000008007458                . = ALIGN (0x4)

.fini_array     0x0000000008007458        0x4
                0x0000000008007458                . = ALIGN (0x4)
                [!provide]                        PROVIDE (__fini_array_start = .)
 *(SORT_BY_NAME(.fini_array.*))
 *(.fini_array*)
 .fini_array    0x0000000008007458        0x4 c:/st/stm32cubeide_1.1.0/stm32cubeide/plugins/com.st.stm32cube.ide.mcu.externaltools.gnu-tools-for-stm32.7-2018-q2-update.win32_1.0.0.201904181610/tools/bin/../lib/gcc/arm-none-eabi/7.3.1/thumb/v7e-m/fpv4-sp/hard/crtbegin.o
                [!provide]                        PROVIDE (__fini_array_end = .)
                0x000000000800745c                . = ALIGN (0x4)
                0x000000000800745c                _sidata = LOADADDR (.data)

.data           0x0000000020000000       0x78 load address 0x000000000800745c
                0x0000000020000000                . = ALIGN (0x4)
                0x0000000020000000                _sdata = .
 *(.data)
 *(.data*)
 .data.DevAddress
                0x0000000020000000        0x2 Core/Src/main.o
                0x0000000020000000                DevAddress
 *fill*         0x0000000020000002        0x2 
 .data.SystemCoreClock
                0x0000000020000004        0x4 Core/Src/system_stm32f4xx.o
                0x0000000020000004                SystemCoreClock
 .data.uwTickPrio
                0x0000000020000008        0x4 Drivers/STM32F4xx_HAL_Driver/Src/stm32f4xx_hal.o
                0x0000000020000008                uwTickPrio
 .data.uwTickFreq
                0x000000002000000c        0x1 Drivers/STM32F4xx_HAL_Driver/Src/stm32f4xx_hal.o
                0x000000002000000c                uwTickFreq
 *fill*         0x000000002000000d        0x3 
 .data.uxCriticalNesting
                0x0000000020000010        0x4 Middlewares/Third_Party/FreeRTOS/Source/portable/GCC/ARM_CM4F/port.o
 .data._impure_ptr
                0x0000000020000014        0x4 c:/st/stm32cubeide_1.1.0/stm32cubeide/plugins/com.st.stm32cube.ide.mcu.externaltools.gnu-tools-for-stm32.7-2018-q2-update.win32_1.0.0.201904181610/tools/bin/../lib/gcc/arm-none-eabi/7.3.1/../../../../arm-none-eabi/lib/thumb/v7e-m/fpv4-sp/hard\libc_nano.a(lib_a-impure.o)
                0x0000000020000014                _impure_ptr
 .data.impure_data
                0x0000000020000018       0x60 c:/st/stm32cubeide_1.1.0/stm32cubeide/plugins/com.st.stm32cube.ide.mcu.externaltools.gnu-tools-for-stm32.7-2018-q2-update.win32_1.0.0.201904181610/tools/bin/../lib/gcc/arm-none-eabi/7.3.1/../../../../arm-none-eabi/lib/thumb/v7e-m/fpv4-sp/hard\libc_nano.a(lib_a-impure.o)
                0x0000000020000078                . = ALIGN (0x4)
                0x0000000020000078                _edata = .

.igot.plt       0x0000000020000078        0x0 load address 0x00000000080074d4
 .igot.plt      0x0000000020000078        0x0 c:/st/stm32cubeide_1.1.0/stm32cubeide/plugins/com.st.stm32cube.ide.mcu.externaltools.gnu-tools-for-stm32.7-2018-q2-update.win32_1.0.0.201904181610/tools/bin/../lib/gcc/arm-none-eabi/7.3.1/thumb/v7e-m/fpv4-sp/hard/crtbegin.o
                0x0000000020000078                . = ALIGN (0x4)

.bss            0x0000000020000078     0x418c load address 0x00000000080074d4
                0x0000000020000078                _sbss = .
                0x0000000020000078                __bss_start__ = _sbss
 *(.bss)
 .bss           0x0000000020000078       0x1c c:/st/stm32cubeide_1.1.0/stm32cubeide/plugins/com.st.stm32cube.ide.mcu.externaltools.gnu-tools-for-stm32.7-2018-q2-update.win32_1.0.0.201904181610/tools/bin/../lib/gcc/arm-none-eabi/7.3.1/thumb/v7e-m/fpv4-sp/hard/crtbegin.o
 *(.bss*)
 .bss.Is_First_Captured.8330
                0x0000000020000094        0x1 Core/Src/STM32_HCSR04.o
 *fill*         0x0000000020000095        0x3 
 .bss.IC_Val1.8327
                0x0000000020000098        0x4 Core/Src/STM32_HCSR04.o
 .bss.IC_Val2.8328
                0x000000002000009c        0x4 Core/Src/STM32_HCSR04.o
 .bss.Difference.8329
                0x00000000200000a0        0x4 Core/Src/STM32_HCSR04.o
 .bss.i2cHandler
                0x00000000200000a4       0x54 Core/Src/TJ_MPU6050.o
 .bss.accelScalingFactor
                0x00000000200000f8        0x4 Core/Src/TJ_MPU6050.o
 .bss.gyroScalingFactor
                0x00000000200000fc        0x4 Core/Src/TJ_MPU6050.o
 .bss.GyroRW    0x0000000020000100        0x6 Core/Src/TJ_MPU6050.o
 *fill*         0x0000000020000106        0x2 
 .bss.xIdleTaskTCBBuffer
                0x0000000020000108       0x54 Core/Src/freertos.o
 .bss.xIdleStack
                0x000000002000015c      0x200 Core/Src/freertos.o
 .bss.Distance  0x000000002000035c        0x1 Core/Src/main.o
                0x000000002000035c                Distance
 *fill*         0x000000002000035d        0x3 
 .bss.heap_end.6424
                0x0000000020000360        0x4 Core/Src/sysmem.o
 .bss.pxCurrentTCB
                0x0000000020000364        0x4 Middlewares/Third_Party/FreeRTOS/Source/tasks.o
                0x0000000020000364                pxCurrentTCB
 .bss.pxReadyTasksLists
                0x0000000020000368       0x8c Middlewares/Third_Party/FreeRTOS/Source/tasks.o
 .bss.xDelayedTaskList1
                0x00000000200003f4       0x14 Middlewares/Third_Party/FreeRTOS/Source/tasks.o
 .bss.xDelayedTaskList2
                0x0000000020000408       0x14 Middlewares/Third_Party/FreeRTOS/Source/tasks.o
 .bss.pxDelayedTaskList
                0x000000002000041c        0x4 Middlewares/Third_Party/FreeRTOS/Source/tasks.o
 .bss.pxOverflowDelayedTaskList
                0x0000000020000420        0x4 Middlewares/Third_Party/FreeRTOS/Source/tasks.o
 .bss.xPendingReadyList
                0x0000000020000424       0x14 Middlewares/Third_Party/FreeRTOS/Source/tasks.o
 .bss.xTasksWaitingTermination
                0x0000000020000438       0x14 Middlewares/Third_Party/FreeRTOS/Source/tasks.o
 .bss.uxDeletedTasksWaitingCleanUp
                0x000000002000044c        0x4 Middlewares/Third_Party/FreeRTOS/Source/tasks.o
 .bss.xSuspendedTaskList
                0x0000000020000450       0x14 Middlewares/Third_Party/FreeRTOS/Source/tasks.o
 .bss.uxCurrentNumberOfTasks
                0x0000000020000464        0x4 Middlewares/Third_Party/FreeRTOS/Source/tasks.o
 .bss.xTickCount
                0x0000000020000468        0x4 Middlewares/Third_Party/FreeRTOS/Source/tasks.o
 .bss.uxTopReadyPriority
                0x000000002000046c        0x4 Middlewares/Third_Party/FreeRTOS/Source/tasks.o
 .bss.xSchedulerRunning
                0x0000000020000470        0x4 Middlewares/Third_Party/FreeRTOS/Source/tasks.o
 .bss.uxPendedTicks
                0x0000000020000474        0x4 Middlewares/Third_Party/FreeRTOS/Source/tasks.o
 .bss.xYieldPending
                0x0000000020000478        0x4 Middlewares/Third_Party/FreeRTOS/Source/tasks.o
 .bss.xNumOfOverflows
                0x000000002000047c        0x4 Middlewares/Third_Party/FreeRTOS/Source/tasks.o
 .bss.uxTaskNumber
                0x0000000020000480        0x4 Middlewares/Third_Party/FreeRTOS/Source/tasks.o
 .bss.xNextTaskUnblockTime
                0x0000000020000484        0x4 Middlewares/Third_Party/FreeRTOS/Source/tasks.o
 .bss.xIdleTaskHandle
                0x0000000020000488        0x4 Middlewares/Third_Party/FreeRTOS/Source/tasks.o
 .bss.uxSchedulerSuspended
                0x000000002000048c        0x4 Middlewares/Third_Party/FreeRTOS/Source/tasks.o
 .bss.ucMaxSysCallPriority
                0x0000000020000490        0x1 Middlewares/Third_Party/FreeRTOS/Source/portable/GCC/ARM_CM4F/port.o
 *fill*         0x0000000020000491        0x3 
 .bss.ulMaxPRIGROUPValue
                0x0000000020000494        0x4 Middlewares/Third_Party/FreeRTOS/Source/portable/GCC/ARM_CM4F/port.o
 .bss.ucHeap    0x0000000020000498     0x3c00 Middlewares/Third_Party/FreeRTOS/Source/portable/MemMang/heap_4.o
 .bss.xStart    0x0000000020004098        0x8 Middlewares/Third_Party/FreeRTOS/Source/portable/MemMang/heap_4.o
 .bss.pxEnd     0x00000000200040a0        0x4 Middlewares/Third_Party/FreeRTOS/Source/portable/MemMang/heap_4.o
 .bss.xFreeBytesRemaining
                0x00000000200040a4        0x4 Middlewares/Third_Party/FreeRTOS/Source/portable/MemMang/heap_4.o
 .bss.xMinimumEverFreeBytesRemaining
                0x00000000200040a8        0x4 Middlewares/Third_Party/FreeRTOS/Source/portable/MemMang/heap_4.o
 .bss.xBlockAllocatedBit
                0x00000000200040ac        0x4 Middlewares/Third_Party/FreeRTOS/Source/portable/MemMang/heap_4.o
 .bss.__malloc_free_list
                0x00000000200040b0        0x4 c:/st/stm32cubeide_1.1.0/stm32cubeide/plugins/com.st.stm32cube.ide.mcu.externaltools.gnu-tools-for-stm32.7-2018-q2-update.win32_1.0.0.201904181610/tools/bin/../lib/gcc/arm-none-eabi/7.3.1/../../../../arm-none-eabi/lib/thumb/v7e-m/fpv4-sp/hard\libc_nano.a(lib_a-nano-mallocr.o)
                0x00000000200040b0                __malloc_free_list
 .bss.__malloc_sbrk_start
                0x00000000200040b4        0x4 c:/st/stm32cubeide_1.1.0/stm32cubeide/plugins/com.st.stm32cube.ide.mcu.externaltools.gnu-tools-for-stm32.7-2018-q2-update.win32_1.0.0.201904181610/tools/bin/../lib/gcc/arm-none-eabi/7.3.1/../../../../arm-none-eabi/lib/thumb/v7e-m/fpv4-sp/hard\libc_nano.a(lib_a-nano-mallocr.o)
                0x00000000200040b4                __malloc_sbrk_start
 *(COMMON)
 COMMON         0x00000000200040b8      0x142 Core/Src/main.o
                0x00000000200040b8                defaultTaskHandle
                0x00000000200040bc                hi2c1
                0x0000000020004110                myGyroRaw
                0x0000000020004118                myAccelScaled
                0x0000000020004124                huart1
                0x0000000020004164                MPU6050TaskHandle
                0x0000000020004168                htim2
                0x00000000200041a8                huart2
                0x00000000200041e8                myGyroScaled
                0x00000000200041f4                myAccelRaw
 *fill*         0x00000000200041fa        0x2 
 COMMON         0x00000000200041fc        0x4 Drivers/STM32F4xx_HAL_Driver/Src/stm32f4xx_hal.o
                0x00000000200041fc                uwTick
 COMMON         0x0000000020004200        0x4 c:/st/stm32cubeide_1.1.0/stm32cubeide/plugins/com.st.stm32cube.ide.mcu.externaltools.gnu-tools-for-stm32.7-2018-q2-update.win32_1.0.0.201904181610/tools/bin/../lib/gcc/arm-none-eabi/7.3.1/../../../../arm-none-eabi/lib/thumb/v7e-m/fpv4-sp/hard\libc_nano.a(lib_a-reent.o)
                0x0000000020004200                errno
                0x0000000020004204                . = ALIGN (0x4)
                0x0000000020004204                _ebss = .
                0x0000000020004204                __bss_end__ = _ebss

._user_heap_stack
                0x0000000020004204      0x604 load address 0x00000000080074d4
                0x0000000020004208                . = ALIGN (0x8)
 *fill*         0x0000000020004204        0x4 
                0x0000000020004208                PROVIDE (end = .)
                [!provide]                        PROVIDE (_end = .)
                0x0000000020004408                . = (. + _Min_Heap_Size)
 *fill*         0x0000000020004208      0x200 
                0x0000000020004808                . = (. + _Min_Stack_Size)
 *fill*         0x0000000020004408      0x400 
                0x0000000020004808                . = ALIGN (0x8)

/DISCARD/
 libc.a(*)
 libm.a(*)
 libgcc.a(*)

.ARM.attributes
                0x0000000000000000       0x30
 *(.ARM.attributes)
 .ARM.attributes
                0x0000000000000000       0x22 c:/st/stm32cubeide_1.1.0/stm32cubeide/plugins/com.st.stm32cube.ide.mcu.externaltools.gnu-tools-for-stm32.7-2018-q2-update.win32_1.0.0.201904181610/tools/bin/../lib/gcc/arm-none-eabi/7.3.1/thumb/v7e-m/fpv4-sp/hard/crti.o
 .ARM.attributes
                0x0000000000000022       0x34 c:/st/stm32cubeide_1.1.0/stm32cubeide/plugins/com.st.stm32cube.ide.mcu.externaltools.gnu-tools-for-stm32.7-2018-q2-update.win32_1.0.0.201904181610/tools/bin/../lib/gcc/arm-none-eabi/7.3.1/thumb/v7e-m/fpv4-sp/hard/crtbegin.o
 .ARM.attributes
                0x0000000000000056       0x39 Core/Src/STM32_HCSR04.o
 .ARM.attributes
                0x000000000000008f       0x39 Core/Src/TJ_MPU6050.o
 .ARM.attributes
                0x00000000000000c8       0x39 Core/Src/freertos.o
 .ARM.attributes
                0x0000000000000101       0x39 Core/Src/main.o
 .ARM.attributes
                0x000000000000013a       0x39 Core/Src/stm32f4xx_hal_msp.o
 .ARM.attributes
                0x0000000000000173       0x39 Core/Src/stm32f4xx_it.o
 .ARM.attributes
                0x00000000000001ac       0x39 Core/Src/sysmem.o
 .ARM.attributes
                0x00000000000001e5       0x39 Core/Src/system_stm32f4xx.o
 .ARM.attributes
                0x000000000000021e       0x21 Core/Startup/startup_stm32f446retx.o
 .ARM.attributes
                0x000000000000023f       0x39 Drivers/STM32F4xx_HAL_Driver/Src/stm32f4xx_hal.o
 .ARM.attributes
                0x0000000000000278       0x39 Drivers/STM32F4xx_HAL_Driver/Src/stm32f4xx_hal_cortex.o
 .ARM.attributes
                0x00000000000002b1       0x39 Drivers/STM32F4xx_HAL_Driver/Src/stm32f4xx_hal_gpio.o
 .ARM.attributes
                0x00000000000002ea       0x39 Drivers/STM32F4xx_HAL_Driver/Src/stm32f4xx_hal_i2c.o
 .ARM.attributes
                0x0000000000000323       0x39 Drivers/STM32F4xx_HAL_Driver/Src/stm32f4xx_hal_rcc.o
 .ARM.attributes
                0x000000000000035c       0x39 Drivers/STM32F4xx_HAL_Driver/Src/stm32f4xx_hal_rcc_ex.o
 .ARM.attributes
                0x0000000000000395       0x39 Drivers/STM32F4xx_HAL_Driver/Src/stm32f4xx_hal_tim.o
 .ARM.attributes
                0x00000000000003ce       0x39 Drivers/STM32F4xx_HAL_Driver/Src/stm32f4xx_hal_tim_ex.o
 .ARM.attributes
                0x0000000000000407       0x39 Drivers/STM32F4xx_HAL_Driver/Src/stm32f4xx_hal_uart.o
 .ARM.attributes
                0x0000000000000440       0x39 Middlewares/Third_Party/FreeRTOS/Source/CMSIS_RTOS/cmsis_os.o
 .ARM.attributes
                0x0000000000000479       0x39 Middlewares/Third_Party/FreeRTOS/Source/list.o
 .ARM.attributes
                0x00000000000004b2       0x39 Middlewares/Third_Party/FreeRTOS/Source/tasks.o
 .ARM.attributes
                0x00000000000004eb       0x39 Middlewares/Third_Party/FreeRTOS/Source/portable/GCC/ARM_CM4F/port.o
 .ARM.attributes
                0x0000000000000524       0x39 Middlewares/Third_Party/FreeRTOS/Source/portable/MemMang/heap_4.o
 .ARM.attributes
                0x000000000000055d       0x34 c:/st/stm32cubeide_1.1.0/stm32cubeide/plugins/com.st.stm32cube.ide.mcu.externaltools.gnu-tools-for-stm32.7-2018-q2-update.win32_1.0.0.201904181610/tools/bin/../lib/gcc/arm-none-eabi/7.3.1/../../../../arm-none-eabi/lib/thumb/v7e-m/fpv4-sp/hard\libc_nano.a(lib_a-errno.o)
 .ARM.attributes
                0x0000000000000591       0x34 c:/st/stm32cubeide_1.1.0/stm32cubeide/plugins/com.st.stm32cube.ide.mcu.externaltools.gnu-tools-for-stm32.7-2018-q2-update.win32_1.0.0.201904181610/tools/bin/../lib/gcc/arm-none-eabi/7.3.1/../../../../arm-none-eabi/lib/thumb/v7e-m/fpv4-sp/hard\libc_nano.a(lib_a-impure.o)
 .ARM.attributes
                0x00000000000005c5       0x34 c:/st/stm32cubeide_1.1.0/stm32cubeide/plugins/com.st.stm32cube.ide.mcu.externaltools.gnu-tools-for-stm32.7-2018-q2-update.win32_1.0.0.201904181610/tools/bin/../lib/gcc/arm-none-eabi/7.3.1/../../../../arm-none-eabi/lib/thumb/v7e-m/fpv4-sp/hard\libc_nano.a(lib_a-init.o)
 .ARM.attributes
                0x00000000000005f9       0x34 c:/st/stm32cubeide_1.1.0/stm32cubeide/plugins/com.st.stm32cube.ide.mcu.externaltools.gnu-tools-for-stm32.7-2018-q2-update.win32_1.0.0.201904181610/tools/bin/../lib/gcc/arm-none-eabi/7.3.1/../../../../arm-none-eabi/lib/thumb/v7e-m/fpv4-sp/hard\libc_nano.a(lib_a-memcpy-stub.o)
 .ARM.attributes
                0x000000000000062d       0x34 c:/st/stm32cubeide_1.1.0/stm32cubeide/plugins/com.st.stm32cube.ide.mcu.externaltools.gnu-tools-for-stm32.7-2018-q2-update.win32_1.0.0.201904181610/tools/bin/../lib/gcc/arm-none-eabi/7.3.1/../../../../arm-none-eabi/lib/thumb/v7e-m/fpv4-sp/hard\libc_nano.a(lib_a-memset.o)
 .ARM.attributes
                0x0000000000000661       0x34 c:/st/stm32cubeide_1.1.0/stm32cubeide/plugins/com.st.stm32cube.ide.mcu.externaltools.gnu-tools-for-stm32.7-2018-q2-update.win32_1.0.0.201904181610/tools/bin/../lib/gcc/arm-none-eabi/7.3.1/../../../../arm-none-eabi/lib/thumb/v7e-m/fpv4-sp/hard\libc_nano.a(lib_a-sprintf.o)
 .ARM.attributes
                0x0000000000000695       0x1b c:/st/stm32cubeide_1.1.0/stm32cubeide/plugins/com.st.stm32cube.ide.mcu.externaltools.gnu-tools-for-stm32.7-2018-q2-update.win32_1.0.0.201904181610/tools/bin/../lib/gcc/arm-none-eabi/7.3.1/../../../../arm-none-eabi/lib/thumb/v7e-m/fpv4-sp/hard\libc_nano.a(lib_a-strlen.o)
 .ARM.attributes
                0x00000000000006b0       0x34 c:/st/stm32cubeide_1.1.0/stm32cubeide/plugins/com.st.stm32cube.ide.mcu.externaltools.gnu-tools-for-stm32.7-2018-q2-update.win32_1.0.0.201904181610/tools/bin/../lib/gcc/arm-none-eabi/7.3.1/../../../../arm-none-eabi/lib/thumb/v7e-m/fpv4-sp/hard\libc_nano.a(lib_a-nano-svfprintf.o)
 .ARM.attributes
                0x00000000000006e4       0x34 c:/st/stm32cubeide_1.1.0/stm32cubeide/plugins/com.st.stm32cube.ide.mcu.externaltools.gnu-tools-for-stm32.7-2018-q2-update.win32_1.0.0.201904181610/tools/bin/../lib/gcc/arm-none-eabi/7.3.1/../../../../arm-none-eabi/lib/thumb/v7e-m/fpv4-sp/hard\libc_nano.a(lib_a-nano-vfprintf_i.o)
 .ARM.attributes
                0x0000000000000718       0x20 c:/st/stm32cubeide_1.1.0/stm32cubeide/plugins/com.st.stm32cube.ide.mcu.externaltools.gnu-tools-for-stm32.7-2018-q2-update.win32_1.0.0.201904181610/tools/bin/../lib/gcc/arm-none-eabi/7.3.1/../../../../arm-none-eabi/lib/thumb/v7e-m/fpv4-sp/hard\libc_nano.a(lib_a-memchr.o)
 .ARM.attributes
                0x0000000000000738       0x34 c:/st/stm32cubeide_1.1.0/stm32cubeide/plugins/com.st.stm32cube.ide.mcu.externaltools.gnu-tools-for-stm32.7-2018-q2-update.win32_1.0.0.201904181610/tools/bin/../lib/gcc/arm-none-eabi/7.3.1/../../../../arm-none-eabi/lib/thumb/v7e-m/fpv4-sp/hard\libc_nano.a(lib_a-memmove.o)
 .ARM.attributes
                0x000000000000076c       0x34 c:/st/stm32cubeide_1.1.0/stm32cubeide/plugins/com.st.stm32cube.ide.mcu.externaltools.gnu-tools-for-stm32.7-2018-q2-update.win32_1.0.0.201904181610/tools/bin/../lib/gcc/arm-none-eabi/7.3.1/../../../../arm-none-eabi/lib/thumb/v7e-m/fpv4-sp/hard\libc_nano.a(lib_a-nano-freer.o)
 .ARM.attributes
                0x00000000000007a0       0x34 c:/st/stm32cubeide_1.1.0/stm32cubeide/plugins/com.st.stm32cube.ide.mcu.externaltools.gnu-tools-for-stm32.7-2018-q2-update.win32_1.0.0.201904181610/tools/bin/../lib/gcc/arm-none-eabi/7.3.1/../../../../arm-none-eabi/lib/thumb/v7e-m/fpv4-sp/hard\libc_nano.a(lib_a-nano-mallocr.o)
 .ARM.attributes
                0x00000000000007d4       0x34 c:/st/stm32cubeide_1.1.0/stm32cubeide/plugins/com.st.stm32cube.ide.mcu.externaltools.gnu-tools-for-stm32.7-2018-q2-update.win32_1.0.0.201904181610/tools/bin/../lib/gcc/arm-none-eabi/7.3.1/../../../../arm-none-eabi/lib/thumb/v7e-m/fpv4-sp/hard\libc_nano.a(lib_a-nano-reallocr.o)
 .ARM.attributes
                0x0000000000000808       0x34 c:/st/stm32cubeide_1.1.0/stm32cubeide/plugins/com.st.stm32cube.ide.mcu.externaltools.gnu-tools-for-stm32.7-2018-q2-update.win32_1.0.0.201904181610/tools/bin/../lib/gcc/arm-none-eabi/7.3.1/../../../../arm-none-eabi/lib/thumb/v7e-m/fpv4-sp/hard\libc_nano.a(lib_a-sbrkr.o)
 .ARM.attributes
                0x000000000000083c       0x34 c:/st/stm32cubeide_1.1.0/stm32cubeide/plugins/com.st.stm32cube.ide.mcu.externaltools.gnu-tools-for-stm32.7-2018-q2-update.win32_1.0.0.201904181610/tools/bin/../lib/gcc/arm-none-eabi/7.3.1/../../../../arm-none-eabi/lib/thumb/v7e-m/fpv4-sp/hard\libc_nano.a(lib_a-mlock.o)
 .ARM.attributes
                0x0000000000000870       0x34 c:/st/stm32cubeide_1.1.0/stm32cubeide/plugins/com.st.stm32cube.ide.mcu.externaltools.gnu-tools-for-stm32.7-2018-q2-update.win32_1.0.0.201904181610/tools/bin/../lib/gcc/arm-none-eabi/7.3.1/../../../../arm-none-eabi/lib/thumb/v7e-m/fpv4-sp/hard\libc_nano.a(lib_a-nano-msizer.o)
 .ARM.attributes
                0x00000000000008a4       0x34 c:/st/stm32cubeide_1.1.0/stm32cubeide/plugins/com.st.stm32cube.ide.mcu.externaltools.gnu-tools-for-stm32.7-2018-q2-update.win32_1.0.0.201904181610/tools/bin/../lib/gcc/arm-none-eabi/7.3.1/../../../../arm-none-eabi/lib/thumb/v7e-m/fpv4-sp/hard\libc_nano.a(lib_a-reent.o)
 .ARM.attributes
                0x00000000000008d8       0x22 c:/st/stm32cubeide_1.1.0/stm32cubeide/plugins/com.st.stm32cube.ide.mcu.externaltools.gnu-tools-for-stm32.7-2018-q2-update.win32_1.0.0.201904181610/tools/bin/../lib/gcc/arm-none-eabi/7.3.1/thumb/v7e-m/fpv4-sp/hard\libgcc.a(_arm_addsubdf3.o)
 .ARM.attributes
                0x00000000000008fa       0x22 c:/st/stm32cubeide_1.1.0/stm32cubeide/plugins/com.st.stm32cube.ide.mcu.externaltools.gnu-tools-for-stm32.7-2018-q2-update.win32_1.0.0.201904181610/tools/bin/../lib/gcc/arm-none-eabi/7.3.1/thumb/v7e-m/fpv4-sp/hard\libgcc.a(_arm_muldivdf3.o)
 .ARM.attributes
                0x000000000000091c       0x22 c:/st/stm32cubeide_1.1.0/stm32cubeide/plugins/com.st.stm32cube.ide.mcu.externaltools.gnu-tools-for-stm32.7-2018-q2-update.win32_1.0.0.201904181610/tools/bin/../lib/gcc/arm-none-eabi/7.3.1/thumb/v7e-m/fpv4-sp/hard\libgcc.a(_arm_fixunsdfsi.o)
 .ARM.attributes
                0x000000000000093e       0x22 c:/st/stm32cubeide_1.1.0/stm32cubeide/plugins/com.st.stm32cube.ide.mcu.externaltools.gnu-tools-for-stm32.7-2018-q2-update.win32_1.0.0.201904181610/tools/bin/../lib/gcc/arm-none-eabi/7.3.1/thumb/v7e-m/fpv4-sp/hard\libgcc.a(_aeabi_uldivmod.o)
 .ARM.attributes
                0x0000000000000960       0x34 c:/st/stm32cubeide_1.1.0/stm32cubeide/plugins/com.st.stm32cube.ide.mcu.externaltools.gnu-tools-for-stm32.7-2018-q2-update.win32_1.0.0.201904181610/tools/bin/../lib/gcc/arm-none-eabi/7.3.1/thumb/v7e-m/fpv4-sp/hard\libgcc.a(_udivmoddi4.o)
 .ARM.attributes
                0x0000000000000994       0x22 c:/st/stm32cubeide_1.1.0/stm32cubeide/plugins/com.st.stm32cube.ide.mcu.externaltools.gnu-tools-for-stm32.7-2018-q2-update.win32_1.0.0.201904181610/tools/bin/../lib/gcc/arm-none-eabi/7.3.1/thumb/v7e-m/fpv4-sp/hard\libgcc.a(_dvmd_tls.o)
 .ARM.attributes
                0x00000000000009b6       0x22 c:/st/stm32cubeide_1.1.0/stm32cubeide/plugins/com.st.stm32cube.ide.mcu.externaltools.gnu-tools-for-stm32.7-2018-q2-update.win32_1.0.0.201904181610/tools/bin/../lib/gcc/arm-none-eabi/7.3.1/thumb/v7e-m/fpv4-sp/hard/crtn.o
OUTPUT(STM32_Sensor.elf elf32-littlearm)

.debug_info     0x0000000000000000    0x16400
 .debug_info    0x0000000000000000      0x7da Core/Src/STM32_HCSR04.o
 .debug_info    0x00000000000007da     0x1403 Core/Src/TJ_MPU6050.o
 .debug_info    0x0000000000001bdd      0x344 Core/Src/freertos.o
 .debug_info    0x0000000000001f21     0x1f11 Core/Src/main.o
 .debug_info    0x0000000000003e32     0x122c Core/Src/stm32f4xx_hal_msp.o
 .debug_info    0x000000000000505e      0x6db Core/Src/stm32f4xx_it.o
 .debug_info    0x0000000000005739      0x91c Core/Src/sysmem.o
 .debug_info    0x0000000000006055      0x588 Core/Src/system_stm32f4xx.o
 .debug_info    0x00000000000065dd       0x22 Core/Startup/startup_stm32f446retx.o
 .debug_info    0x00000000000065ff      0x997 Drivers/STM32F4xx_HAL_Driver/Src/stm32f4xx_hal.o
 .debug_info    0x0000000000006f96      0xe46 Drivers/STM32F4xx_HAL_Driver/Src/stm32f4xx_hal_cortex.o
 .debug_info    0x0000000000007ddc      0x803 Drivers/STM32F4xx_HAL_Driver/Src/stm32f4xx_hal_gpio.o
 .debug_info    0x00000000000085df     0x23c2 Drivers/STM32F4xx_HAL_Driver/Src/stm32f4xx_hal_i2c.o
 .debug_info    0x000000000000a9a1      0x944 Drivers/STM32F4xx_HAL_Driver/Src/stm32f4xx_hal_rcc.o
 .debug_info    0x000000000000b2e5      0x9d5 Drivers/STM32F4xx_HAL_Driver/Src/stm32f4xx_hal_rcc_ex.o
 .debug_info    0x000000000000bcba     0x24a9 Drivers/STM32F4xx_HAL_Driver/Src/stm32f4xx_hal_tim.o
 .debug_info    0x000000000000e163     0x1157 Drivers/STM32F4xx_HAL_Driver/Src/stm32f4xx_hal_tim_ex.o
 .debug_info    0x000000000000f2ba     0x124c Drivers/STM32F4xx_HAL_Driver/Src/stm32f4xx_hal_uart.o
 .debug_info    0x0000000000010506     0x1e7e Middlewares/Third_Party/FreeRTOS/Source/CMSIS_RTOS/cmsis_os.o
 .debug_info    0x0000000000012384      0xacb Middlewares/Third_Party/FreeRTOS/Source/list.o
 .debug_info    0x0000000000012e4f     0x2494 Middlewares/Third_Party/FreeRTOS/Source/tasks.o
 .debug_info    0x00000000000152e3      0x533 Middlewares/Third_Party/FreeRTOS/Source/portable/GCC/ARM_CM4F/port.o
 .debug_info    0x0000000000015816      0xbea Middlewares/Third_Party/FreeRTOS/Source/portable/MemMang/heap_4.o

.debug_abbrev   0x0000000000000000     0x2e5c
 .debug_abbrev  0x0000000000000000      0x194 Core/Src/STM32_HCSR04.o
 .debug_abbrev  0x0000000000000194      0x227 Core/Src/TJ_MPU6050.o
 .debug_abbrev  0x00000000000003bb      0x109 Core/Src/freertos.o
 .debug_abbrev  0x00000000000004c4      0x2cb Core/Src/main.o
 .debug_abbrev  0x000000000000078f      0x1de Core/Src/stm32f4xx_hal_msp.o
 .debug_abbrev  0x000000000000096d      0x15a Core/Src/stm32f4xx_it.o
 .debug_abbrev  0x0000000000000ac7      0x1bb Core/Src/sysmem.o
 .debug_abbrev  0x0000000000000c82      0x12b Core/Src/system_stm32f4xx.o
 .debug_abbrev  0x0000000000000dad       0x12 Core/Startup/startup_stm32f446retx.o
 .debug_abbrev  0x0000000000000dbf      0x1c7 Drivers/STM32F4xx_HAL_Driver/Src/stm32f4xx_hal.o
 .debug_abbrev  0x0000000000000f86      0x2fa Drivers/STM32F4xx_HAL_Driver/Src/stm32f4xx_hal_cortex.o
 .debug_abbrev  0x0000000000001280      0x1c9 Drivers/STM32F4xx_HAL_Driver/Src/stm32f4xx_hal_gpio.o
 .debug_abbrev  0x0000000000001449      0x254 Drivers/STM32F4xx_HAL_Driver/Src/stm32f4xx_hal_i2c.o
 .debug_abbrev  0x000000000000169d      0x245 Drivers/STM32F4xx_HAL_Driver/Src/stm32f4xx_hal_rcc.o
 .debug_abbrev  0x00000000000018e2      0x1bc Drivers/STM32F4xx_HAL_Driver/Src/stm32f4xx_hal_rcc_ex.o
 .debug_abbrev  0x0000000000001a9e      0x230 Drivers/STM32F4xx_HAL_Driver/Src/stm32f4xx_hal_tim.o
 .debug_abbrev  0x0000000000001cce      0x21e Drivers/STM32F4xx_HAL_Driver/Src/stm32f4xx_hal_tim_ex.o
 .debug_abbrev  0x0000000000001eec      0x242 Drivers/STM32F4xx_HAL_Driver/Src/stm32f4xx_hal_uart.o
 .debug_abbrev  0x000000000000212e      0x379 Middlewares/Third_Party/FreeRTOS/Source/CMSIS_RTOS/cmsis_os.o
 .debug_abbrev  0x00000000000024a7      0x1cf Middlewares/Third_Party/FreeRTOS/Source/list.o
 .debug_abbrev  0x0000000000002676      0x338 Middlewares/Third_Party/FreeRTOS/Source/tasks.o
 .debug_abbrev  0x00000000000029ae      0x210 Middlewares/Third_Party/FreeRTOS/Source/portable/GCC/ARM_CM4F/port.o
 .debug_abbrev  0x0000000000002bbe      0x29e Middlewares/Third_Party/FreeRTOS/Source/portable/MemMang/heap_4.o

.debug_aranges  0x0000000000000000     0x13b0
 .debug_aranges
                0x0000000000000000       0x30 Core/Src/STM32_HCSR04.o
 .debug_aranges
                0x0000000000000030       0x88 Core/Src/TJ_MPU6050.o
 .debug_aranges
                0x00000000000000b8       0x20 Core/Src/freertos.o
 .debug_aranges
                0x00000000000000d8       0x70 Core/Src/main.o
 .debug_aranges
                0x0000000000000148       0x50 Core/Src/stm32f4xx_hal_msp.o
 .debug_aranges
                0x0000000000000198       0x58 Core/Src/stm32f4xx_it.o
 .debug_aranges
                0x00000000000001f0       0x20 Core/Src/sysmem.o
 .debug_aranges
                0x0000000000000210       0x28 Core/Src/system_stm32f4xx.o
 .debug_aranges
                0x0000000000000238       0x28 Core/Startup/startup_stm32f446retx.o
 .debug_aranges
                0x0000000000000260       0xf0 Drivers/STM32F4xx_HAL_Driver/Src/stm32f4xx_hal.o
 .debug_aranges
                0x0000000000000350      0x118 Drivers/STM32F4xx_HAL_Driver/Src/stm32f4xx_hal_cortex.o
 .debug_aranges
                0x0000000000000468       0x58 Drivers/STM32F4xx_HAL_Driver/Src/stm32f4xx_hal_gpio.o
 .debug_aranges
                0x00000000000004c0      0x298 Drivers/STM32F4xx_HAL_Driver/Src/stm32f4xx_hal_i2c.o
 .debug_aranges
                0x0000000000000758       0x88 Drivers/STM32F4xx_HAL_Driver/Src/stm32f4xx_hal_rcc.o
 .debug_aranges
                0x00000000000007e0       0x78 Drivers/STM32F4xx_HAL_Driver/Src/stm32f4xx_hal_rcc_ex.o
 .debug_aranges
                0x0000000000000858      0x3a8 Drivers/STM32F4xx_HAL_Driver/Src/stm32f4xx_hal_tim.o
 .debug_aranges
                0x0000000000000c00      0x150 Drivers/STM32F4xx_HAL_Driver/Src/stm32f4xx_hal_tim_ex.o
 .debug_aranges
                0x0000000000000d50      0x1d0 Drivers/STM32F4xx_HAL_Driver/Src/stm32f4xx_hal_uart.o
 .debug_aranges
                0x0000000000000f20      0x1d8 Middlewares/Third_Party/FreeRTOS/Source/CMSIS_RTOS/cmsis_os.o
 .debug_aranges
                0x00000000000010f8       0x40 Middlewares/Third_Party/FreeRTOS/Source/list.o
 .debug_aranges
                0x0000000000001138      0x1a8 Middlewares/Third_Party/FreeRTOS/Source/tasks.o
 .debug_aranges
                0x00000000000012e0       0x80 Middlewares/Third_Party/FreeRTOS/Source/portable/GCC/ARM_CM4F/port.o
 .debug_aranges
                0x0000000000001360       0x50 Middlewares/Third_Party/FreeRTOS/Source/portable/MemMang/heap_4.o

.debug_ranges   0x0000000000000000     0x1268
 .debug_ranges  0x0000000000000000       0x20 Core/Src/STM32_HCSR04.o
 .debug_ranges  0x0000000000000020       0x78 Core/Src/TJ_MPU6050.o
 .debug_ranges  0x0000000000000098       0x10 Core/Src/freertos.o
 .debug_ranges  0x00000000000000a8       0x60 Core/Src/main.o
 .debug_ranges  0x0000000000000108       0x40 Core/Src/stm32f4xx_hal_msp.o
 .debug_ranges  0x0000000000000148       0x48 Core/Src/stm32f4xx_it.o
 .debug_ranges  0x0000000000000190       0x10 Core/Src/sysmem.o
 .debug_ranges  0x00000000000001a0       0x18 Core/Src/system_stm32f4xx.o
 .debug_ranges  0x00000000000001b8       0x20 Core/Startup/startup_stm32f446retx.o
 .debug_ranges  0x00000000000001d8       0xe0 Drivers/STM32F4xx_HAL_Driver/Src/stm32f4xx_hal.o
 .debug_ranges  0x00000000000002b8      0x108 Drivers/STM32F4xx_HAL_Driver/Src/stm32f4xx_hal_cortex.o
 .debug_ranges  0x00000000000003c0       0x48 Drivers/STM32F4xx_HAL_Driver/Src/stm32f4xx_hal_gpio.o
 .debug_ranges  0x0000000000000408      0x2a8 Drivers/STM32F4xx_HAL_Driver/Src/stm32f4xx_hal_i2c.o
 .debug_ranges  0x00000000000006b0       0x78 Drivers/STM32F4xx_HAL_Driver/Src/stm32f4xx_hal_rcc.o
 .debug_ranges  0x0000000000000728       0x68 Drivers/STM32F4xx_HAL_Driver/Src/stm32f4xx_hal_rcc_ex.o
 .debug_ranges  0x0000000000000790      0x398 Drivers/STM32F4xx_HAL_Driver/Src/stm32f4xx_hal_tim.o
 .debug_ranges  0x0000000000000b28      0x140 Drivers/STM32F4xx_HAL_Driver/Src/stm32f4xx_hal_tim_ex.o
 .debug_ranges  0x0000000000000c68      0x1c0 Drivers/STM32F4xx_HAL_Driver/Src/stm32f4xx_hal_uart.o
 .debug_ranges  0x0000000000000e28      0x1c8 Middlewares/Third_Party/FreeRTOS/Source/CMSIS_RTOS/cmsis_os.o
 .debug_ranges  0x0000000000000ff0       0x30 Middlewares/Third_Party/FreeRTOS/Source/list.o
 .debug_ranges  0x0000000000001020      0x198 Middlewares/Third_Party/FreeRTOS/Source/tasks.o
 .debug_ranges  0x00000000000011b8       0x70 Middlewares/Third_Party/FreeRTOS/Source/portable/GCC/ARM_CM4F/port.o
 .debug_ranges  0x0000000000001228       0x40 Middlewares/Third_Party/FreeRTOS/Source/portable/MemMang/heap_4.o

.debug_macro    0x0000000000000000    0x244b8
 .debug_macro   0x0000000000000000      0x1f6 Core/Src/STM32_HCSR04.o
 .debug_macro   0x00000000000001f6      0xa5a Core/Src/STM32_HCSR04.o
 .debug_macro   0x0000000000000c50      0x190 Core/Src/STM32_HCSR04.o
 .debug_macro   0x0000000000000de0       0x2e Core/Src/STM32_HCSR04.o
 .debug_macro   0x0000000000000e0e       0x28 Core/Src/STM32_HCSR04.o
 .debug_macro   0x0000000000000e36       0x22 Core/Src/STM32_HCSR04.o
 .debug_macro   0x0000000000000e58       0x8e Core/Src/STM32_HCSR04.o
 .debug_macro   0x0000000000000ee6       0x51 Core/Src/STM32_HCSR04.o
 .debug_macro   0x0000000000000f37       0xef Core/Src/STM32_HCSR04.o
 .debug_macro   0x0000000000001026       0x6a Core/Src/STM32_HCSR04.o
 .debug_macro   0x0000000000001090      0x1df Core/Src/STM32_HCSR04.o
 .debug_macro   0x000000000000126f       0x1c Core/Src/STM32_HCSR04.o
 .debug_macro   0x000000000000128b       0x22 Core/Src/STM32_HCSR04.o
 .debug_macro   0x00000000000012ad       0xdf Core/Src/STM32_HCSR04.o
 .debug_macro   0x000000000000138c     0x102d Core/Src/STM32_HCSR04.o
 .debug_macro   0x00000000000023b9      0x11f Core/Src/STM32_HCSR04.o
 .debug_macro   0x00000000000024d8    0x1672d Core/Src/STM32_HCSR04.o
 .debug_macro   0x0000000000018c05       0x43 Core/Src/STM32_HCSR04.o
 .debug_macro   0x0000000000018c48     0x3659 Core/Src/STM32_HCSR04.o
 .debug_macro   0x000000000001c2a1      0x174 Core/Src/STM32_HCSR04.o
 .debug_macro   0x000000000001c415       0x5a Core/Src/STM32_HCSR04.o
 .debug_macro   0x000000000001c46f      0xc90 Core/Src/STM32_HCSR04.o
 .debug_macro   0x000000000001d0ff      0x9fe Core/Src/STM32_HCSR04.o
 .debug_macro   0x000000000001dafd      0x16d Core/Src/STM32_HCSR04.o
 .debug_macro   0x000000000001dc6a      0x117 Core/Src/STM32_HCSR04.o
 .debug_macro   0x000000000001dd81      0x1a0 Core/Src/STM32_HCSR04.o
 .debug_macro   0x000000000001df21       0x27 Core/Src/STM32_HCSR04.o
 .debug_macro   0x000000000001df48      0x287 Core/Src/STM32_HCSR04.o
 .debug_macro   0x000000000001e1cf       0x5f Core/Src/STM32_HCSR04.o
 .debug_macro   0x000000000001e22e      0x236 Core/Src/STM32_HCSR04.o
 .debug_macro   0x000000000001e464      0x132 Core/Src/STM32_HCSR04.o
 .debug_macro   0x000000000001e596      0x29c Core/Src/STM32_HCSR04.o
 .debug_macro   0x000000000001e832       0x2e Core/Src/STM32_HCSR04.o
 .debug_macro   0x000000000001e860      0x1b5 Core/Src/STM32_HCSR04.o
 .debug_macro   0x000000000001ea15       0x22 Core/Src/STM32_HCSR04.o
 .debug_macro   0x000000000001ea37       0xd6 Core/Src/STM32_HCSR04.o
 .debug_macro   0x000000000001eb0d      0x11a Core/Src/STM32_HCSR04.o
 .debug_macro   0x000000000001ec27       0xe8 Core/Src/STM32_HCSR04.o
 .debug_macro   0x000000000001ed0f       0x89 Core/Src/STM32_HCSR04.o
 .debug_macro   0x000000000001ed98      0x8a0 Core/Src/STM32_HCSR04.o
 .debug_macro   0x000000000001f638       0x4d Core/Src/STM32_HCSR04.o
 .debug_macro   0x000000000001f685      0x287 Core/Src/STM32_HCSR04.o
 .debug_macro   0x000000000001f90c      0x126 Core/Src/STM32_HCSR04.o
 .debug_macro   0x000000000001fa32       0x10 Core/Src/STM32_HCSR04.o
 .debug_macro   0x000000000001fa42      0x2cd Core/Src/TJ_MPU6050.o
 .debug_macro   0x000000000001fd0f       0x46 Core/Src/TJ_MPU6050.o
 .debug_macro   0x000000000001fd55       0x18 Core/Src/TJ_MPU6050.o
 .debug_macro   0x000000000001fd6d       0x3c Core/Src/TJ_MPU6050.o
 .debug_macro   0x000000000001fda9       0x34 Core/Src/TJ_MPU6050.o
 .debug_macro   0x000000000001fddd       0x52 Core/Src/TJ_MPU6050.o
 .debug_macro   0x000000000001fe2f       0x1f Core/Src/TJ_MPU6050.o
 .debug_macro   0x000000000001fe4e       0x43 Core/Src/TJ_MPU6050.o
 .debug_macro   0x000000000001fe91       0x20 Core/Src/TJ_MPU6050.o
 .debug_macro   0x000000000001feb1      0x1a3 Core/Src/TJ_MPU6050.o
 .debug_macro   0x0000000000020054      0x32a Core/Src/TJ_MPU6050.o
 .debug_macro   0x000000000002037e       0x10 Core/Src/TJ_MPU6050.o
 .debug_macro   0x000000000002038e       0x35 Core/Src/TJ_MPU6050.o
 .debug_macro   0x00000000000203c3       0x20 Core/Src/TJ_MPU6050.o
 .debug_macro   0x00000000000203e3       0x22 Core/Src/TJ_MPU6050.o
 .debug_macro   0x0000000000020405      0x1e1 Core/Src/TJ_MPU6050.o
 .debug_macro   0x00000000000205e6       0x6a Core/Src/TJ_MPU6050.o
 .debug_macro   0x0000000000020650      0x25e Core/Src/freertos.o
 .debug_macro   0x00000000000208ae       0xe4 Core/Src/freertos.o
 .debug_macro   0x0000000000020992      0x15a Core/Src/freertos.o
 .debug_macro   0x0000000000020aec       0xde Core/Src/freertos.o
 .debug_macro   0x0000000000020bca       0x1c Core/Src/freertos.o
 .debug_macro   0x0000000000020be6       0x26 Core/Src/freertos.o
 .debug_macro   0x0000000000020c0c      0x4e8 Core/Src/freertos.o
 .debug_macro   0x00000000000210f4       0xb5 Core/Src/freertos.o
 .debug_macro   0x00000000000211a9       0xaa Core/Src/freertos.o
 .debug_macro   0x0000000000021253       0x58 Core/Src/freertos.o
 .debug_macro   0x00000000000212ab      0x45d Core/Src/main.o
 .debug_macro   0x0000000000021708       0xe4 Core/Src/main.o
 .debug_macro   0x00000000000217ec       0x91 Core/Src/main.o
 .debug_macro   0x000000000002187d       0x8d Core/Src/main.o
 .debug_macro   0x000000000002190a       0x7e Core/Src/main.o
 .debug_macro   0x0000000000021988       0x19 Core/Src/main.o
 .debug_macro   0x00000000000219a1       0xf2 Core/Src/main.o
 .debug_macro   0x0000000000021a93       0x1c Core/Src/main.o
 .debug_macro   0x0000000000021aaf       0x10 Core/Src/main.o
 .debug_macro   0x0000000000021abf       0x10 Core/Src/main.o
 .debug_macro   0x0000000000021acf       0x1c Core/Src/main.o
 .debug_macro   0x0000000000021aeb       0x52 Core/Src/main.o
 .debug_macro   0x0000000000021b3d       0x40 Core/Src/main.o
 .debug_macro   0x0000000000021b7d       0x10 Core/Src/main.o
 .debug_macro   0x0000000000021b8d       0x40 Core/Src/main.o
 .debug_macro   0x0000000000021bcd       0xd7 Core/Src/main.o
 .debug_macro   0x0000000000021ca4       0x1c Core/Src/main.o
 .debug_macro   0x0000000000021cc0       0x3d Core/Src/main.o
 .debug_macro   0x0000000000021cfd       0x16 Core/Src/main.o
 .debug_macro   0x0000000000021d13      0x145 Core/Src/main.o
 .debug_macro   0x0000000000021e58       0x16 Core/Src/main.o
 .debug_macro   0x0000000000021e6e      0x1f6 Core/Src/stm32f4xx_hal_msp.o
 .debug_macro   0x0000000000022064      0x268 Core/Src/stm32f4xx_it.o
 .debug_macro   0x00000000000222cc      0x1ae Core/Src/sysmem.o
 .debug_macro   0x000000000002247a      0x23b Core/Src/sysmem.o
 .debug_macro   0x00000000000226b5       0x16 Core/Src/sysmem.o
 .debug_macro   0x00000000000226cb      0x1ed Core/Src/system_stm32f4xx.o
 .debug_macro   0x00000000000228b8      0x247 Drivers/STM32F4xx_HAL_Driver/Src/stm32f4xx_hal.o
 .debug_macro   0x0000000000022aff      0x1e7 Drivers/STM32F4xx_HAL_Driver/Src/stm32f4xx_hal_cortex.o
 .debug_macro   0x0000000000022ce6      0x21d Drivers/STM32F4xx_HAL_Driver/Src/stm32f4xx_hal_gpio.o
 .debug_macro   0x0000000000022f03      0x227 Drivers/STM32F4xx_HAL_Driver/Src/stm32f4xx_hal_i2c.o
 .debug_macro   0x000000000002312a      0x20b Drivers/STM32F4xx_HAL_Driver/Src/stm32f4xx_hal_rcc.o
 .debug_macro   0x0000000000023335      0x1e7 Drivers/STM32F4xx_HAL_Driver/Src/stm32f4xx_hal_rcc_ex.o
 .debug_macro   0x000000000002351c      0x1e8 Drivers/STM32F4xx_HAL_Driver/Src/stm32f4xx_hal_tim.o
 .debug_macro   0x0000000000023704      0x1e7 Drivers/STM32F4xx_HAL_Driver/Src/stm32f4xx_hal_tim_ex.o
 .debug_macro   0x00000000000238eb      0x1e8 Drivers/STM32F4xx_HAL_Driver/Src/stm32f4xx_hal_uart.o
 .debug_macro   0x0000000000023ad3      0x1f1 Middlewares/Third_Party/FreeRTOS/Source/CMSIS_RTOS/cmsis_os.o
 .debug_macro   0x0000000000023cc4       0xc7 Middlewares/Third_Party/FreeRTOS/Source/CMSIS_RTOS/cmsis_os.o
 .debug_macro   0x0000000000023d8b      0x17a Middlewares/Third_Party/FreeRTOS/Source/list.o
 .debug_macro   0x0000000000023f05      0x26c Middlewares/Third_Party/FreeRTOS/Source/tasks.o
 .debug_macro   0x0000000000024171       0x10 Middlewares/Third_Party/FreeRTOS/Source/tasks.o
 .debug_macro   0x0000000000024181      0x196 Middlewares/Third_Party/FreeRTOS/Source/portable/GCC/ARM_CM4F/port.o
 .debug_macro   0x0000000000024317      0x1a1 Middlewares/Third_Party/FreeRTOS/Source/portable/MemMang/heap_4.o

.debug_line     0x0000000000000000     0xf5e4
 .debug_line    0x0000000000000000      0x735 Core/Src/STM32_HCSR04.o
 .debug_line    0x0000000000000735      0x98e Core/Src/TJ_MPU6050.o
 .debug_line    0x00000000000010c3      0x7ec Core/Src/freertos.o
 .debug_line    0x00000000000018af      0xc0f Core/Src/main.o
 .debug_line    0x00000000000024be      0x7a1 Core/Src/stm32f4xx_hal_msp.o
 .debug_line    0x0000000000002c5f      0x88b Core/Src/stm32f4xx_it.o
 .debug_line    0x00000000000034ea      0x55e Core/Src/sysmem.o
 .debug_line    0x0000000000003a48      0x70d Core/Src/system_stm32f4xx.o
 .debug_line    0x0000000000004155       0x85 Core/Startup/startup_stm32f446retx.o
 .debug_line    0x00000000000041da      0x8f7 Drivers/STM32F4xx_HAL_Driver/Src/stm32f4xx_hal.o
 .debug_line    0x0000000000004ad1      0xa1b Drivers/STM32F4xx_HAL_Driver/Src/stm32f4xx_hal_cortex.o
 .debug_line    0x00000000000054ec      0x8c2 Drivers/STM32F4xx_HAL_Driver/Src/stm32f4xx_hal_gpio.o
 .debug_line    0x0000000000005dae     0x1b31 Drivers/STM32F4xx_HAL_Driver/Src/stm32f4xx_hal_i2c.o
 .debug_line    0x00000000000078df      0x94f Drivers/STM32F4xx_HAL_Driver/Src/stm32f4xx_hal_rcc.o
 .debug_line    0x000000000000822e      0xae0 Drivers/STM32F4xx_HAL_Driver/Src/stm32f4xx_hal_rcc_ex.o
 .debug_line    0x0000000000008d0e     0x1970 Drivers/STM32F4xx_HAL_Driver/Src/stm32f4xx_hal_tim.o
 .debug_line    0x000000000000a67e      0xd0d Drivers/STM32F4xx_HAL_Driver/Src/stm32f4xx_hal_tim_ex.o
 .debug_line    0x000000000000b38b     0x1005 Drivers/STM32F4xx_HAL_Driver/Src/stm32f4xx_hal_uart.o